Component: Arm Compiler for Embedded 6.24 Tool: armlink [5f371500]

==============================================================================

Section Cross References

    startup_lpc17xx.o(STACK) refers (Special) to heapauxi.o(.text) for __use_two_region_memory
    startup_lpc17xx.o(HEAP) refers (Special) to heapauxi.o(.text) for __use_two_region_memory
    startup_lpc17xx.o(RESET) refers (Special) to heapauxi.o(.text) for __use_two_region_memory
    startup_lpc17xx.o(RESET) refers to startup_lpc17xx.o(STACK) for __initial_sp
    startup_lpc17xx.o(RESET) refers to startup_lpc17xx.o(.text) for Reset_Handler
    startup_lpc17xx.o(RESET) refers to irq_timer.o(.text) for TIMER0_IRQHandler
    startup_lpc17xx.o(RESET) refers to irq_button.o(.text) for EINT0_IRQHandler
    startup_lpc17xx.o(RESET) refers to irq_rit.o(.text) for RIT_IRQHandler
    startup_lpc17xx.o(.ARM.__at_0x02FC) refers (Special) to heapauxi.o(.text) for __use_two_region_memory
    startup_lpc17xx.o(.text) refers (Special) to heapauxi.o(.text) for __use_two_region_memory
    startup_lpc17xx.o(.text) refers to __main.o(!!!main) for __main
    startup_lpc17xx.o(.text) refers to startup_lpc17xx.o(HEAP) for Heap_Mem
    startup_lpc17xx.o(.text) refers to startup_lpc17xx.o(STACK) for Stack_Mem
    sample.o(.text) refers to system_lpc17xx.o(.text) for SystemInit
    sample.o(.text) refers to lib_button.o(.text) for BUTTON_init
    sample.o(.text) refers to lib_joystick.o(.text) for joystick_init
    sample.o(.text) refers to glcd.o(.text) for LCD_Initialization
    sample.o(.text) refers to lib_timer.o(.text) for init_timer
    sample.o(.ARM.exidx) refers to sample.o(.text) for [Anonymous Symbol]
    system_lpc17xx.o(.text) refers to system_lpc17xx.o(.data.SystemFrequency) for SystemFrequency
    system_lpc17xx.o(.text) refers to system_lpc17xx.o(.bss.ScaleFlag) for ScaleFlag
    system_lpc17xx.o(.ARM.exidx) refers to system_lpc17xx.o(.text) for [Anonymous Symbol]
    irq_timer.o(.ARM.exidx) refers to irq_timer.o(.text) for [Anonymous Symbol]
    lib_timer.o(.ARM.exidx) refers to lib_timer.o(.text) for [Anonymous Symbol]
    asciilib.o(.text) refers to asciilib.o(.rodata.AsciiLib) for AsciiLib
    asciilib.o(.ARM.exidx) refers to asciilib.o(.text) for [Anonymous Symbol]
    glcd.o(.text) refers to asciilib.o(.text) for GetASCIICode
    glcd.o(.text) refers to glcd.o(.bss.field) for field
    glcd.o(.text) refers to rt_memclr_w.o(.text) for __aeabi_memclr4
    glcd.o(.ARM.exidx) refers to glcd.o(.text) for [Anonymous Symbol]
    hzlib.o(.text) refers to hzlib.o(.rodata.HzLib) for HzLib
    hzlib.o(.text) refers to rt_memcpy_v6.o(.text) for __aeabi_memcpy
    hzlib.o(.ARM.exidx) refers to hzlib.o(.text) for [Anonymous Symbol]
    irq_rit.o(.text) refers to irq_rit.o(.bss.RIT_IRQHandler.J_up) for RIT_IRQHandler.J_up
    irq_rit.o(.text) refers to irq_rit.o(.bss.RIT_IRQHandler.value) for RIT_IRQHandler.value
    irq_rit.o(.text) refers to funct_led.o(.text) for LED_Out
    irq_rit.o(.text) refers to irq_rit.o(.bss.RIT_IRQHandler.J_down) for RIT_IRQHandler.J_down
    irq_rit.o(.text) refers to irq_rit.o(.bss.down) for down
    irq_rit.o(.text) refers to irq_rit.o(.bss.RIT_IRQHandler.position) for RIT_IRQHandler.position
    irq_rit.o(.ARM.exidx) refers to irq_rit.o(.text) for [Anonymous Symbol]
    lib_rit.o(.ARM.exidx) refers to lib_rit.o(.text) for [Anonymous Symbol]
    funct_joystick.o(.text) refers to funct_led.o(.text) for LED_Out
    funct_joystick.o(.ARM.exidx) refers to funct_joystick.o(.text) for [Anonymous Symbol]
    lib_joystick.o(.ARM.exidx) refers to lib_joystick.o(.text) for [Anonymous Symbol]
    irq_button.o(.text) refers to irq_rit.o(.bss.down) for down
    irq_button.o(.ARM.exidx) refers to irq_button.o(.text) for [Anonymous Symbol]
    lib_button.o(.ARM.exidx) refers to lib_button.o(.text) for [Anonymous Symbol]
    funct_led.o(.text) refers to funct_led.o(.rodata.led_mask) for led_mask
    funct_led.o(.text) refers to lib_led.o(.bss.led_value) for led_value
    funct_led.o(.ARM.exidx) refers to funct_led.o(.text) for [Anonymous Symbol]
    lib_led.o(.text) refers to lib_led.o(.bss.led_value) for led_value
    lib_led.o(.ARM.exidx) refers to lib_led.o(.text) for [Anonymous Symbol]
    rt_memcpy_v6.o(.text) refers to rt_memcpy_w.o(.text) for __aeabi_memcpy4
    __main.o(!!!main) refers to __rtentry.o(.ARM.Collect$$rtentry$$00000000) for __rt_entry
    __rtentry.o(.ARM.Collect$$rtentry$$00000000) refers (Special) to __rtentry2.o(.ARM.Collect$$rtentry$$0000000A) for __rt_entry_li
    __rtentry.o(.ARM.Collect$$rtentry$$00000000) refers (Special) to __rtentry2.o(.ARM.Collect$$rtentry$$0000000D) for __rt_entry_main
    __rtentry.o(.ARM.Collect$$rtentry$$00000000) refers (Special) to __rtentry2.o(.ARM.Collect$$rtentry$$0000000C) for __rt_entry_postli_1
    __rtentry.o(.ARM.Collect$$rtentry$$00000000) refers (Special) to __rtentry2.o(.ARM.Collect$$rtentry$$00000009) for __rt_entry_postsh_1
    __rtentry.o(.ARM.Collect$$rtentry$$00000000) refers (Special) to __rtentry2.o(.ARM.Collect$$rtentry$$00000002) for __rt_entry_presh_1
    __rtentry.o(.ARM.Collect$$rtentry$$00000000) refers (Special) to __rtentry4.o(.ARM.Collect$$rtentry$$00000004) for __rt_entry_sh
    __rtentry2.o(.ARM.Collect$$rtentry$$00000008) refers to boardinit2.o(.text) for _platform_post_stackheap_init
    __rtentry2.o(.ARM.Collect$$rtentry$$0000000A) refers to libinit.o(.ARM.Collect$$libinit$$00000000) for __rt_lib_init
    __rtentry2.o(.ARM.Collect$$rtentry$$0000000B) refers to boardinit3.o(.text) for _platform_post_lib_init
    __rtentry2.o(.ARM.Collect$$rtentry$$0000000D) refers to sample.o(.text) for main
    __rtentry2.o(.ARM.Collect$$rtentry$$0000000D) refers to exit.o(.text) for exit
    __rtentry2.o(.ARM.exidx) refers to __rtentry2.o(.ARM.Collect$$rtentry$$00000001) for .ARM.Collect$$rtentry$$00000001
    __rtentry2.o(.ARM.exidx) refers to __rtentry2.o(.ARM.Collect$$rtentry$$00000008) for .ARM.Collect$$rtentry$$00000008
    __rtentry2.o(.ARM.exidx) refers to __rtentry2.o(.ARM.Collect$$rtentry$$0000000A) for .ARM.Collect$$rtentry$$0000000A
    __rtentry2.o(.ARM.exidx) refers to __rtentry2.o(.ARM.Collect$$rtentry$$0000000B) for .ARM.Collect$$rtentry$$0000000B
    __rtentry2.o(.ARM.exidx) refers to __rtentry2.o(.ARM.Collect$$rtentry$$0000000D) for .ARM.Collect$$rtentry$$0000000D
    __rtentry4.o(.ARM.Collect$$rtentry$$00000004) refers to sys_stackheap_outer.o(.text) for __user_setup_stackheap
    __rtentry4.o(.ARM.exidx) refers to __rtentry4.o(.ARM.Collect$$rtentry$$00000004) for .ARM.Collect$$rtentry$$00000004
    sys_stackheap_outer.o(.text) refers to libspace.o(.text) for __user_perproc_libspace
    sys_stackheap_outer.o(.text) refers to startup_lpc17xx.o(.text) for __user_initial_stackheap
    exit.o(.text) refers to rtexit.o(.ARM.Collect$$rtexit$$00000000) for __rt_exit
    libinit.o(.ARM.Collect$$libinit$$00000000) refers (Special) to libinit2.o(.ARM.Collect$$libinit$$00000030) for __rt_lib_init_alloca_1
    libinit.o(.ARM.Collect$$libinit$$00000000) refers (Special) to libinit2.o(.ARM.Collect$$libinit$$0000002E) for __rt_lib_init_argv_1
    libinit.o(.ARM.Collect$$libinit$$00000000) refers (Special) to libinit2.o(.ARM.Collect$$libinit$$0000001D) for __rt_lib_init_atexit_1
    libinit.o(.ARM.Collect$$libinit$$00000000) refers (Special) to libinit2.o(.ARM.Collect$$libinit$$00000023) for __rt_lib_init_clock_1
    libinit.o(.ARM.Collect$$libinit$$00000000) refers (Special) to libinit2.o(.ARM.Collect$$libinit$$00000034) for __rt_lib_init_cpp_1
    libinit.o(.ARM.Collect$$libinit$$00000000) refers (Special) to libinit2.o(.ARM.Collect$$libinit$$00000032) for __rt_lib_init_exceptions_1
    libinit.o(.ARM.Collect$$libinit$$00000000) refers (Special) to libinit2.o(.ARM.Collect$$libinit$$00000002) for __rt_lib_init_fp_1
    libinit.o(.ARM.Collect$$libinit$$00000000) refers (Special) to libinit2.o(.ARM.Collect$$libinit$$00000021) for __rt_lib_init_fp_trap_1
    libinit.o(.ARM.Collect$$libinit$$00000000) refers (Special) to libinit2.o(.ARM.Collect$$libinit$$00000025) for __rt_lib_init_getenv_1
    libinit.o(.ARM.Collect$$libinit$$00000000) refers (Special) to libinit2.o(.ARM.Collect$$libinit$$0000000C) for __rt_lib_init_heap_1
    libinit.o(.ARM.Collect$$libinit$$00000000) refers (Special) to libinit2.o(.ARM.Collect$$libinit$$00000013) for __rt_lib_init_lc_collate_1
    libinit.o(.ARM.Collect$$libinit$$00000000) refers (Special) to libinit2.o(.ARM.Collect$$libinit$$00000015) for __rt_lib_init_lc_ctype_1
    libinit.o(.ARM.Collect$$libinit$$00000000) refers (Special) to libinit2.o(.ARM.Collect$$libinit$$00000017) for __rt_lib_init_lc_monetary_1
    libinit.o(.ARM.Collect$$libinit$$00000000) refers (Special) to libinit2.o(.ARM.Collect$$libinit$$00000019) for __rt_lib_init_lc_numeric_1
    libinit.o(.ARM.Collect$$libinit$$00000000) refers (Special) to libinit2.o(.ARM.Collect$$libinit$$0000001B) for __rt_lib_init_lc_time_1
    libinit.o(.ARM.Collect$$libinit$$00000000) refers (Special) to libinit2.o(.ARM.Collect$$libinit$$00000006) for __rt_lib_init_preinit_1
    libinit.o(.ARM.Collect$$libinit$$00000000) refers (Special) to libinit2.o(.ARM.Collect$$libinit$$00000010) for __rt_lib_init_rand_1
    libinit.o(.ARM.Collect$$libinit$$00000000) refers (Special) to libinit2.o(.ARM.Collect$$libinit$$00000004) for __rt_lib_init_relocate_pie_1
    libinit.o(.ARM.Collect$$libinit$$00000000) refers (Special) to libinit2.o(.ARM.Collect$$libinit$$00000035) for __rt_lib_init_return
    libinit.o(.ARM.Collect$$libinit$$00000000) refers (Special) to libinit2.o(.ARM.Collect$$libinit$$0000001F) for __rt_lib_init_signal_1
    libinit.o(.ARM.Collect$$libinit$$00000000) refers (Special) to libinit2.o(.ARM.Collect$$libinit$$00000027) for __rt_lib_init_stdio_1
    libinit.o(.ARM.Collect$$libinit$$00000000) refers (Special) to libinit2.o(.ARM.Collect$$libinit$$0000000E) for __rt_lib_init_user_alloc_1
    libspace.o(.text) refers to libspace.o(.bss) for __libspace_start
    rtexit.o(.ARM.Collect$$rtexit$$00000000) refers (Special) to rtexit2.o(.ARM.Collect$$rtexit$$00000004) for __rt_exit_exit
    rtexit.o(.ARM.Collect$$rtexit$$00000000) refers (Special) to rtexit2.o(.ARM.Collect$$rtexit$$00000003) for __rt_exit_ls
    rtexit.o(.ARM.Collect$$rtexit$$00000000) refers (Special) to rtexit2.o(.ARM.Collect$$rtexit$$00000002) for __rt_exit_prels_1
    rtexit.o(.ARM.exidx) refers (Special) to rtexit2.o(.ARM.Collect$$rtexit$$00000004) for __rt_exit_exit
    rtexit.o(.ARM.exidx) refers (Special) to rtexit2.o(.ARM.Collect$$rtexit$$00000003) for __rt_exit_ls
    rtexit.o(.ARM.exidx) refers (Special) to rtexit2.o(.ARM.Collect$$rtexit$$00000002) for __rt_exit_prels_1
    rtexit.o(.ARM.exidx) refers to rtexit.o(.ARM.Collect$$rtexit$$00000000) for .ARM.Collect$$rtexit$$00000000
    libinit2.o(.ARM.Collect$$libinit$$00000012) refers to libinit2.o(.ARM.Collect$$libinit$$00000011) for .ARM.Collect$$libinit$$00000011
    libinit2.o(.ARM.Collect$$libinit$$00000014) refers to libinit2.o(.ARM.Collect$$libinit$$00000011) for .ARM.Collect$$libinit$$00000011
    libinit2.o(.ARM.Collect$$libinit$$00000016) refers to libinit2.o(.ARM.Collect$$libinit$$00000011) for .ARM.Collect$$libinit$$00000011
    libinit2.o(.ARM.Collect$$libinit$$00000018) refers to libinit2.o(.ARM.Collect$$libinit$$00000011) for .ARM.Collect$$libinit$$00000011
    libinit2.o(.ARM.Collect$$libinit$$0000001A) refers to libinit2.o(.ARM.Collect$$libinit$$00000011) for .ARM.Collect$$libinit$$00000011
    libinit2.o(.ARM.Collect$$libinit$$00000028) refers to argv_veneer.o(.emb_text) for __ARM_argv_veneer
    libinit2.o(.ARM.Collect$$libinit$$00000029) refers to argv_veneer.o(.emb_text) for __ARM_argv_veneer
    rtexit2.o(.ARM.Collect$$rtexit$$00000003) refers to libshutdown.o(.ARM.Collect$$libshutdown$$00000000) for __rt_lib_shutdown
    rtexit2.o(.ARM.Collect$$rtexit$$00000004) refers to sys_exit.o(.text) for _sys_exit
    rtexit2.o(.ARM.exidx) refers to rtexit2.o(.ARM.Collect$$rtexit$$00000001) for .ARM.Collect$$rtexit$$00000001
    rtexit2.o(.ARM.exidx) refers to rtexit2.o(.ARM.Collect$$rtexit$$00000003) for .ARM.Collect$$rtexit$$00000003
    rtexit2.o(.ARM.exidx) refers to rtexit2.o(.ARM.Collect$$rtexit$$00000004) for .ARM.Collect$$rtexit$$00000004
    argv_veneer.o(.emb_text) refers to no_argv.o(.text) for __ARM_get_argv
    sys_exit.o(.text) refers (Special) to use_no_semi.o(.text) for __I$use$semihosting
    sys_exit.o(.text) refers (Special) to indicate_semi.o(.text) for __semihosting_library_function
    sys_exit_hlt.o(.text) refers (Special) to use_no_semi.o(.text) for __I$use$semihosting
    sys_exit_hlt.o(.text) refers (Special) to indicate_semi.o(.text) for __semihosting_library_function
    _get_argv_nomalloc.o(.text) refers (Special) to hrguard.o(.text) for __heap_region$guard
    _get_argv_nomalloc.o(.text) refers to defsig_rtmem_outer.o(.text) for __rt_SIGRTMEM
    _get_argv_nomalloc.o(.text) refers to sys_command.o(.text) for _sys_command_string
    libshutdown.o(.ARM.Collect$$libshutdown$$00000000) refers (Special) to libshutdown2.o(.ARM.Collect$$libshutdown$$00000002) for __rt_lib_shutdown_cpp_1
    libshutdown.o(.ARM.Collect$$libshutdown$$00000000) refers (Special) to libshutdown2.o(.ARM.Collect$$libshutdown$$00000007) for __rt_lib_shutdown_fp_trap_1
    libshutdown.o(.ARM.Collect$$libshutdown$$00000000) refers (Special) to libshutdown2.o(.ARM.Collect$$libshutdown$$0000000F) for __rt_lib_shutdown_heap_1
    libshutdown.o(.ARM.Collect$$libshutdown$$00000000) refers (Special) to libshutdown2.o(.ARM.Collect$$libshutdown$$00000010) for __rt_lib_shutdown_return
    libshutdown.o(.ARM.Collect$$libshutdown$$00000000) refers (Special) to libshutdown2.o(.ARM.Collect$$libshutdown$$0000000A) for __rt_lib_shutdown_signal_1
    libshutdown.o(.ARM.Collect$$libshutdown$$00000000) refers (Special) to libshutdown2.o(.ARM.Collect$$libshutdown$$00000004) for __rt_lib_shutdown_stdio_1
    libshutdown.o(.ARM.Collect$$libshutdown$$00000000) refers (Special) to libshutdown2.o(.ARM.Collect$$libshutdown$$0000000C) for __rt_lib_shutdown_user_alloc_1
    sys_command.o(.text) refers (Special) to use_no_semi.o(.text) for __I$use$semihosting
    sys_command.o(.text) refers (Special) to indicate_semi.o(.text) for __semihosting_library_function
    sys_command_hlt.o(.text) refers (Special) to use_no_semi.o(.text) for __I$use$semihosting
    sys_command_hlt.o(.text) refers (Special) to indicate_semi.o(.text) for __semihosting_library_function
    defsig_rtmem_outer.o(.text) refers to defsig_rtmem_inner.o(.text) for __rt_SIGRTMEM_inner
    defsig_rtmem_outer.o(.text) refers to defsig_exit.o(.text) for __sig_exit
    defsig_rtmem_formal.o(.text) refers to rt_raise.o(.text) for __rt_raise
    rt_raise.o(.text) refers to __raise.o(.text) for __raise
    rt_raise.o(.text) refers to sys_exit.o(.text) for _sys_exit
    defsig_exit.o(.text) refers to sys_exit.o(.text) for _sys_exit
    defsig_rtmem_inner.o(.text) refers to defsig_general.o(.text) for __default_signal_display
    __raise.o(.text) refers to defsig.o(CL$$defsig) for __default_signal_handler
    defsig_general.o(.text) refers to sys_wrch.o(.text) for _ttywrch
    sys_wrch.o(.text) refers (Special) to use_no_semi.o(.text) for __I$use$semihosting
    sys_wrch.o(.text) refers (Special) to indicate_semi.o(.text) for __semihosting_library_function
    sys_wrch_hlt.o(.text) refers (Special) to use_no_semi.o(.text) for __I$use$semihosting
    sys_wrch_hlt.o(.text) refers (Special) to indicate_semi.o(.text) for __semihosting_library_function
    defsig.o(CL$$defsig) refers to defsig_rtmem_inner.o(.text) for __rt_SIGRTMEM_inner
    defsig_abrt_inner.o(.text) refers to defsig_general.o(.text) for __default_signal_display
    defsig_fpe_inner.o(.text) refers to defsig_general.o(.text) for __default_signal_display
    defsig_rtred_inner.o(.text) refers to defsig_general.o(.text) for __default_signal_display
    defsig_stak_inner.o(.text) refers to defsig_general.o(.text) for __default_signal_display
    defsig_pvfn_inner.o(.text) refers to defsig_general.o(.text) for __default_signal_display
    defsig_cppl_inner.o(.text) refers to defsig_general.o(.text) for __default_signal_display
    defsig_segv_inner.o(.text) refers to defsig_general.o(.text) for __default_signal_display
    defsig_other.o(.text) refers to defsig_general.o(.text) for __default_signal_display


==============================================================================

Removing Unused input sections from the image.

    Removing sample.o(.ARM.exidx), (8 bytes).
    Removing sample.o(.ARM.use_no_argv), (4 bytes).
    Removing system_lpc17xx.o(.ARM.exidx), (8 bytes).
    Removing irq_timer.o(.ARM.exidx), (16 bytes).
    Removing lib_timer.o(.ARM.exidx), (32 bytes).
    Removing asciilib.o(.ARM.exidx), (8 bytes).
    Removing glcd.o(.ARM.exidx), (72 bytes).
    Removing hzlib.o(.text), (36 bytes).
    Removing hzlib.o(.ARM.exidx), (8 bytes).
    Removing hzlib.o(.rodata.HzLib), (216576 bytes).
    Removing irq_rit.o(.ARM.exidx), (8 bytes).
    Removing lib_rit.o(.text), (126 bytes).
    Removing lib_rit.o(.ARM.exidx), (32 bytes).
    Removing funct_joystick.o(.text), (4 bytes).
    Removing funct_joystick.o(.ARM.exidx), (8 bytes).
    Removing lib_joystick.o(.ARM.exidx), (8 bytes).
    Removing irq_button.o(.ARM.exidx), (24 bytes).
    Removing lib_button.o(.ARM.exidx), (8 bytes).
    Removing funct_led.o(.ARM.exidx), (24 bytes).
    Removing lib_led.o(.text), (70 bytes).
    Removing lib_led.o(.ARM.exidx), (16 bytes).

21 unused section(s) (total 217096 bytes) removed from the image.

==============================================================================

Image Symbol Table

    Local Symbols

    Symbol Name                              Value     Ov Type        Size  Object(Section)

    ../clib/angel/boardlib.s                 0x00000000   Number         0  boardinit1.o ABSOLUTE
    ../clib/angel/boardlib.s                 0x00000000   Number         0  boardinit2.o ABSOLUTE
    ../clib/angel/boardlib.s                 0x00000000   Number         0  boardinit3.o ABSOLUTE
    ../clib/angel/boardlib.s                 0x00000000   Number         0  boardshut.o ABSOLUTE
    ../clib/angel/handlers.s                 0x00000000   Number         0  __scatter_copy.o ABSOLUTE
    ../clib/angel/handlers.s                 0x00000000   Number         0  __scatter_zi.o ABSOLUTE
    ../clib/angel/kernel.s                   0x00000000   Number         0  __rtentry.o ABSOLUTE
    ../clib/angel/kernel.s                   0x00000000   Number         0  __rtentry2.o ABSOLUTE
    ../clib/angel/kernel.s                   0x00000000   Number         0  __rtentry4.o ABSOLUTE
    ../clib/angel/kernel.s                   0x00000000   Number         0  rtexit.o ABSOLUTE
    ../clib/angel/kernel.s                   0x00000000   Number         0  rtexit2.o ABSOLUTE
    ../clib/angel/rt.s                       0x00000000   Number         0  rt_raise.o ABSOLUTE
    ../clib/angel/scatter.s                  0x00000000   Number         0  __scatter.o ABSOLUTE
    ../clib/angel/startup.s                  0x00000000   Number         0  __main.o ABSOLUTE
    ../clib/angel/sys.s                      0x00000000   Number         0  sys_stackheap_outer.o ABSOLUTE
    ../clib/angel/sys.s                      0x00000000   Number         0  libspace.o ABSOLUTE
    ../clib/angel/sys.s                      0x00000000   Number         0  use_no_semi.o ABSOLUTE
    ../clib/angel/sys.s                      0x00000000   Number         0  indicate_semi.o ABSOLUTE
    ../clib/angel/sysapp.c                   0x00000000   Number         0  sys_exit.o ABSOLUTE
    ../clib/angel/sysapp.c                   0x00000000   Number         0  sys_exit_hlt.o ABSOLUTE
    ../clib/angel/sysapp.c                   0x00000000   Number         0  sys_command.o ABSOLUTE
    ../clib/angel/sysapp.c                   0x00000000   Number         0  sys_command_hlt.o ABSOLUTE
    ../clib/angel/sysapp.c                   0x00000000   Number         0  sys_wrch.o ABSOLUTE
    ../clib/angel/sysapp.c                   0x00000000   Number         0  sys_wrch_hlt.o ABSOLUTE
    ../clib/armsys.c                         0x00000000   Number         0  argv_veneer.o ABSOLUTE
    ../clib/armsys.c                         0x00000000   Number         0  argv_veneer.o ABSOLUTE
    ../clib/armsys.c                         0x00000000   Number         0  _get_argv_nomalloc.o ABSOLUTE
    ../clib/armsys.c                         0x00000000   Number         0  no_argv.o ABSOLUTE
    ../clib/heapalloc.c                      0x00000000   Number         0  hrguard.o ABSOLUTE
    ../clib/heapaux.c                        0x00000000   Number         0  heapauxi.o ABSOLUTE
    ../clib/libinit.s                        0x00000000   Number         0  libinit.o ABSOLUTE
    ../clib/libinit.s                        0x00000000   Number         0  libinit2.o ABSOLUTE
    ../clib/libinit.s                        0x00000000   Number         0  libshutdown.o ABSOLUTE
    ../clib/libinit.s                        0x00000000   Number         0  libshutdown2.o ABSOLUTE
    ../clib/memcpset.s                       0x00000000   Number         0  rt_memcpy_v6.o ABSOLUTE
    ../clib/memcpset.s                       0x00000000   Number         0  rt_memclr_w.o ABSOLUTE
    ../clib/memcpset.s                       0x00000000   Number         0  rt_memcpy_w.o ABSOLUTE
    ../clib/signal.c                         0x00000000   Number         0  defsig_rtmem_outer.o ABSOLUTE
    ../clib/signal.c                         0x00000000   Number         0  defsig_rtmem_formal.o ABSOLUTE
    ../clib/signal.c                         0x00000000   Number         0  defsig_exit.o ABSOLUTE
    ../clib/signal.c                         0x00000000   Number         0  defsig_rtmem_inner.o ABSOLUTE
    ../clib/signal.c                         0x00000000   Number         0  __raise.o ABSOLUTE
    ../clib/signal.c                         0x00000000   Number         0  defsig_general.o ABSOLUTE
    ../clib/signal.c                         0x00000000   Number         0  defsig_abrt_inner.o ABSOLUTE
    ../clib/signal.c                         0x00000000   Number         0  defsig_fpe_inner.o ABSOLUTE
    ../clib/signal.c                         0x00000000   Number         0  defsig_rtred_inner.o ABSOLUTE
    ../clib/signal.c                         0x00000000   Number         0  defsig_stak_inner.o ABSOLUTE
    ../clib/signal.c                         0x00000000   Number         0  defsig_pvfn_inner.o ABSOLUTE
    ../clib/signal.c                         0x00000000   Number         0  defsig_cppl_inner.o ABSOLUTE
    ../clib/signal.c                         0x00000000   Number         0  defsig_segv_inner.o ABSOLUTE
    ../clib/signal.c                         0x00000000   Number         0  defsig_other.o ABSOLUTE
    ../clib/signal.s                         0x00000000   Number         0  defsig.o ABSOLUTE
    ../clib/stdlib.c                         0x00000000   Number         0  exit.o ABSOLUTE
    ../fplib/fpinit.s                        0x00000000   Number         0  fpinit.o ABSOLUTE
    ../fplib/fpinit_empty.s                  0x00000000   Number         0  fpinit_empty.o ABSOLUTE
    AsciiLib.c                               0x00000000   Number         0  asciilib.o ABSOLUTE
    GLCD.c                                   0x00000000   Number         0  glcd.o ABSOLUTE
    HzLib.c                                  0x00000000   Number         0  hzlib.o ABSOLUTE
    IRQ_RIT.c                                0x00000000   Number         0  irq_rit.o ABSOLUTE
    IRQ_button.c                             0x00000000   Number         0  irq_button.o ABSOLUTE
    IRQ_timer.c                              0x00000000   Number         0  irq_timer.o ABSOLUTE
    Source\startup_LPC17xx.s                 0x00000000   Number         0  startup_lpc17xx.o ABSOLUTE
    dc.s                                     0x00000000   Number         0  dc.o ABSOLUTE
    funct_joystick.c                         0x00000000   Number         0  funct_joystick.o ABSOLUTE
    funct_led.c                              0x00000000   Number         0  funct_led.o ABSOLUTE
    lib_RIT.c                                0x00000000   Number         0  lib_rit.o ABSOLUTE
    lib_button.c                             0x00000000   Number         0  lib_button.o ABSOLUTE
    lib_joystick.c                           0x00000000   Number         0  lib_joystick.o ABSOLUTE
    lib_led.c                                0x00000000   Number         0  lib_led.o ABSOLUTE
    lib_timer.c                              0x00000000   Number         0  lib_timer.o ABSOLUTE
    sample.c                                 0x00000000   Number         0  sample.o ABSOLUTE
    system_LPC17xx.c                         0x00000000   Number         0  system_lpc17xx.o ABSOLUTE
    RESET                                    0x00000000   Section      204  startup_lpc17xx.o(RESET)
    !!!main                                  0x000000cc   Section        8  __main.o(!!!main)
    !!!scatter                               0x000000d4   Section       92  __scatter.o(!!!scatter)
    !!handler_copy                           0x00000130   Section       26  __scatter_copy.o(!!handler_copy)
    !!handler_null                           0x0000014c   Section        2  __scatter.o(!!handler_null)
    !!handler_zi                             0x00000150   Section       28  __scatter_zi.o(!!handler_zi)
    .ARM.Collect$$libinit$$00000000          0x0000016c   Section        2  libinit.o(.ARM.Collect$$libinit$$00000000)
    .ARM.Collect$$libinit$$00000002          0x0000016e   Section        0  libinit2.o(.ARM.Collect$$libinit$$00000002)
    .ARM.Collect$$libinit$$00000004          0x0000016e   Section        0  libinit2.o(.ARM.Collect$$libinit$$00000004)
    .ARM.Collect$$libinit$$00000006          0x0000016e   Section        0  libinit2.o(.ARM.Collect$$libinit$$00000006)
    .ARM.Collect$$libinit$$0000000C          0x0000016e   Section        0  libinit2.o(.ARM.Collect$$libinit$$0000000C)
    .ARM.Collect$$libinit$$0000000E          0x0000016e   Section        0  libinit2.o(.ARM.Collect$$libinit$$0000000E)
    .ARM.Collect$$libinit$$00000010          0x0000016e   Section        0  libinit2.o(.ARM.Collect$$libinit$$00000010)
    .ARM.Collect$$libinit$$00000013          0x0000016e   Section        0  libinit2.o(.ARM.Collect$$libinit$$00000013)
    .ARM.Collect$$libinit$$00000015          0x0000016e   Section        0  libinit2.o(.ARM.Collect$$libinit$$00000015)
    .ARM.Collect$$libinit$$00000017          0x0000016e   Section        0  libinit2.o(.ARM.Collect$$libinit$$00000017)
    .ARM.Collect$$libinit$$00000019          0x0000016e   Section        0  libinit2.o(.ARM.Collect$$libinit$$00000019)
    .ARM.Collect$$libinit$$0000001B          0x0000016e   Section        0  libinit2.o(.ARM.Collect$$libinit$$0000001B)
    .ARM.Collect$$libinit$$0000001D          0x0000016e   Section        0  libinit2.o(.ARM.Collect$$libinit$$0000001D)
    .ARM.Collect$$libinit$$0000001F          0x0000016e   Section        0  libinit2.o(.ARM.Collect$$libinit$$0000001F)
    .ARM.Collect$$libinit$$00000021          0x0000016e   Section        0  libinit2.o(.ARM.Collect$$libinit$$00000021)
    .ARM.Collect$$libinit$$00000023          0x0000016e   Section        0  libinit2.o(.ARM.Collect$$libinit$$00000023)
    .ARM.Collect$$libinit$$00000025          0x0000016e   Section        0  libinit2.o(.ARM.Collect$$libinit$$00000025)
    .ARM.Collect$$libinit$$00000027          0x0000016e   Section        0  libinit2.o(.ARM.Collect$$libinit$$00000027)
    .ARM.Collect$$libinit$$0000002E          0x0000016e   Section        0  libinit2.o(.ARM.Collect$$libinit$$0000002E)
    .ARM.Collect$$libinit$$00000030          0x0000016e   Section        0  libinit2.o(.ARM.Collect$$libinit$$00000030)
    .ARM.Collect$$libinit$$00000032          0x0000016e   Section        0  libinit2.o(.ARM.Collect$$libinit$$00000032)
    .ARM.Collect$$libinit$$00000034          0x0000016e   Section        0  libinit2.o(.ARM.Collect$$libinit$$00000034)
    .ARM.Collect$$libinit$$00000035          0x0000016e   Section        2  libinit2.o(.ARM.Collect$$libinit$$00000035)
    .ARM.Collect$$libshutdown$$00000000      0x00000170   Section        2  libshutdown.o(.ARM.Collect$$libshutdown$$00000000)
    .ARM.Collect$$libshutdown$$00000002      0x00000172   Section        0  libshutdown2.o(.ARM.Collect$$libshutdown$$00000002)
    .ARM.Collect$$libshutdown$$00000004      0x00000172   Section        0  libshutdown2.o(.ARM.Collect$$libshutdown$$00000004)
    .ARM.Collect$$libshutdown$$00000007      0x00000172   Section        0  libshutdown2.o(.ARM.Collect$$libshutdown$$00000007)
    .ARM.Collect$$libshutdown$$0000000A      0x00000172   Section        0  libshutdown2.o(.ARM.Collect$$libshutdown$$0000000A)
    .ARM.Collect$$libshutdown$$0000000C      0x00000172   Section        0  libshutdown2.o(.ARM.Collect$$libshutdown$$0000000C)
    .ARM.Collect$$libshutdown$$0000000F      0x00000172   Section        0  libshutdown2.o(.ARM.Collect$$libshutdown$$0000000F)
    .ARM.Collect$$libshutdown$$00000010      0x00000172   Section        2  libshutdown2.o(.ARM.Collect$$libshutdown$$00000010)
    .ARM.Collect$$rtentry$$00000000          0x00000174   Section        0  __rtentry.o(.ARM.Collect$$rtentry$$00000000)
    .ARM.Collect$$rtentry$$00000002          0x00000174   Section        0  __rtentry2.o(.ARM.Collect$$rtentry$$00000002)
    .ARM.Collect$$rtentry$$00000004          0x00000174   Section        6  __rtentry4.o(.ARM.Collect$$rtentry$$00000004)
    .ARM.Collect$$rtentry$$00000009          0x0000017a   Section        0  __rtentry2.o(.ARM.Collect$$rtentry$$00000009)
    .ARM.Collect$$rtentry$$0000000A          0x0000017a   Section        4  __rtentry2.o(.ARM.Collect$$rtentry$$0000000A)
    .ARM.Collect$$rtentry$$0000000C          0x0000017e   Section        0  __rtentry2.o(.ARM.Collect$$rtentry$$0000000C)
    .ARM.Collect$$rtentry$$0000000D          0x0000017e   Section        8  __rtentry2.o(.ARM.Collect$$rtentry$$0000000D)
    .ARM.Collect$$rtexit$$00000000           0x00000186   Section        2  rtexit.o(.ARM.Collect$$rtexit$$00000000)
    .ARM.Collect$$rtexit$$00000002           0x00000188   Section        0  rtexit2.o(.ARM.Collect$$rtexit$$00000002)
    .ARM.Collect$$rtexit$$00000003           0x00000188   Section        4  rtexit2.o(.ARM.Collect$$rtexit$$00000003)
    .ARM.Collect$$rtexit$$00000004           0x0000018c   Section        6  rtexit2.o(.ARM.Collect$$rtexit$$00000004)
    .text                                    0x00000194   Section       52  startup_lpc17xx.o(.text)
    [Anonymous Symbol]                       0x000001c8   Section        0  sample.o(.text)
    [Anonymous Symbol]                       0x00000234   Section        0  irq_timer.o(.text)
    [Anonymous Symbol]                       0x00000250   Section        0  lib_timer.o(.text)
    .ARM.__at_0x02FC                         0x000002fc   Section        4  startup_lpc17xx.o(.ARM.__at_0x02FC)
    [Anonymous Symbol]                       0x00000300   Section        0  system_lpc17xx.o(.text)
    [Anonymous Symbol]                       0x00000450   Section        0  asciilib.o(.text)
    [Anonymous Symbol]                       0x0000047c   Section        0  glcd.o(.text)
    [Anonymous Symbol]                       0x00001c58   Section        0  irq_rit.o(.text)
    [Anonymous Symbol]                       0x00001d58   Section        0  lib_joystick.o(.text)
    [Anonymous Symbol]                       0x00001d8c   Section        0  irq_button.o(.text)
    [Anonymous Symbol]                       0x00001df8   Section        0  lib_button.o(.text)
    [Anonymous Symbol]                       0x00001e74   Section        0  funct_led.o(.text)
    .text                                    0x00001f0c   Section       78  rt_memclr_w.o(.text)
    .text                                    0x00001f5a   Section        0  heapauxi.o(.text)
    .text                                    0x00001f60   Section       74  sys_stackheap_outer.o(.text)
    .text                                    0x00001faa   Section        0  exit.o(.text)
    .text                                    0x00001fbc   Section        8  libspace.o(.text)
    .text                                    0x00001fc4   Section        0  sys_exit.o(.text)
    .text                                    0x00001fd0   Section        2  use_no_semi.o(.text)
    AsciiLib                                 0x00001fd2   Data        1520  asciilib.o(.rodata.AsciiLib)
    [Anonymous Symbol]                       0x00001fd2   Section        0  asciilib.o(.rodata.AsciiLib)
    .text                                    0x00001fd2   Section        0  indicate_semi.o(.text)
    Stack_Mem                                0x10000000   Data        1024  startup_lpc17xx.o(STACK)
    STACK                                    0x10000000   Section     1024  startup_lpc17xx.o(STACK)
    __initial_sp                             0x10000400   Data           0  startup_lpc17xx.o(STACK)
    .bss                                     0x2007c008   Section       96  libspace.o(.bss)
    RIT_IRQHandler.J_down                    0x2007c068   Data           4  irq_rit.o(.bss.RIT_IRQHandler.J_down)
    [Anonymous Symbol]                       0x2007c068   Section        0  irq_rit.o(.bss.RIT_IRQHandler.J_down)
    RIT_IRQHandler.J_up                      0x2007c06c   Data           4  irq_rit.o(.bss.RIT_IRQHandler.J_up)
    [Anonymous Symbol]                       0x2007c06c   Section        0  irq_rit.o(.bss.RIT_IRQHandler.J_up)
    RIT_IRQHandler.position                  0x2007c070   Data           4  irq_rit.o(.bss.RIT_IRQHandler.position)
    [Anonymous Symbol]                       0x2007c070   Section        0  irq_rit.o(.bss.RIT_IRQHandler.position)
    RIT_IRQHandler.value                     0x2007c074   Data           4  irq_rit.o(.bss.RIT_IRQHandler.value)
    [Anonymous Symbol]                       0x2007c074   Section        0  irq_rit.o(.bss.RIT_IRQHandler.value)
    Heap_Mem                                 0x2007c218   Data           0  startup_lpc17xx.o(HEAP)
    HEAP                                     0x2007c218   Section        0  startup_lpc17xx.o(HEAP)

    Global Symbols

    Symbol Name                              Value     Ov Type        Size  Object(Section)

    BuildAttributes$$THM_ISAv4$P$D$K$B$S$PE$A:L22UL41UL21$X:L11$S22US41US21$IEEE1$IW$~IW$USESV6$~STKCKD$USESV7$~SHL$OTIME$ROPI$EBA8$UX$STANDARDLIB$REQ8$PRES8$EABIv2 0x00000000   Number         0  anon$$obj.o ABSOLUTE
    __Vectors                                0x00000000   Data           4  startup_lpc17xx.o(RESET)
    __fp_init_empty                          0x00000000   Number         0  fpinit_empty.o ABSOLUTE
    __ARM_exceptions_init                     - Undefined Weak Reference
    __alloca_initialize                       - Undefined Weak Reference
    __arm_preinit_                            - Undefined Weak Reference
    __arm_relocate_pie_                       - Undefined Weak Reference
    __cpp_initialize__aeabi_                  - Undefined Weak Reference
    __cxa_finalize                            - Undefined Weak Reference
    __rt_locale                               - Undefined Weak Reference
    __sigvec_lookup                           - Undefined Weak Reference
    _atexit_init                              - Undefined Weak Reference
    _call_atexit_fns                          - Undefined Weak Reference
    _clock_init                               - Undefined Weak Reference
    _fp_trap_init                             - Undefined Weak Reference
    _fp_trap_shutdown                         - Undefined Weak Reference
    _get_lc_collate                           - Undefined Weak Reference
    _get_lc_ctype                             - Undefined Weak Reference
    _get_lc_monetary                          - Undefined Weak Reference
    _get_lc_numeric                           - Undefined Weak Reference
    _get_lc_time                              - Undefined Weak Reference
    _getenv_init                              - Undefined Weak Reference
    _handle_redirection                       - Undefined Weak Reference
    _init_alloc                               - Undefined Weak Reference
    _init_user_alloc                          - Undefined Weak Reference
    _initio                                   - Undefined Weak Reference
    _rand_init                                - Undefined Weak Reference
    _signal_finish                            - Undefined Weak Reference
    _signal_init                              - Undefined Weak Reference
    _terminate_alloc                          - Undefined Weak Reference
    _terminate_user_alloc                     - Undefined Weak Reference
    _terminateio                              - Undefined Weak Reference
    __main                                   0x000000cd   Thumb Code     8  __main.o(!!!main)
    __scatterload                            0x000000d5   Thumb Code     0  __scatter.o(!!!scatter)
    __scatterload_rt2                        0x000000d5   Thumb Code    84  __scatter.o(!!!scatter)
    __scatterload_rt2_thumb_only             0x000000d5   Thumb Code     0  __scatter.o(!!!scatter)
    __scatterload_loop                       0x000000df   Thumb Code     0  __scatter.o(!!!scatter)
    __scatterload_copy                       0x00000131   Thumb Code    26  __scatter_copy.o(!!handler_copy)
    __scatterload_null                       0x0000014d   Thumb Code     2  __scatter.o(!!handler_null)
    __scatterload_zeroinit                   0x00000151   Thumb Code    28  __scatter_zi.o(!!handler_zi)
    __rt_lib_init                            0x0000016d   Thumb Code     0  libinit.o(.ARM.Collect$$libinit$$00000000)
    __rt_lib_init_alloca_1                   0x0000016f   Thumb Code     0  libinit2.o(.ARM.Collect$$libinit$$00000030)
    __rt_lib_init_argv_1                     0x0000016f   Thumb Code     0  libinit2.o(.ARM.Collect$$libinit$$0000002E)
    __rt_lib_init_atexit_1                   0x0000016f   Thumb Code     0  libinit2.o(.ARM.Collect$$libinit$$0000001D)
    __rt_lib_init_clock_1                    0x0000016f   Thumb Code     0  libinit2.o(.ARM.Collect$$libinit$$00000023)
    __rt_lib_init_cpp_1                      0x0000016f   Thumb Code     0  libinit2.o(.ARM.Collect$$libinit$$00000034)
    __rt_lib_init_exceptions_1               0x0000016f   Thumb Code     0  libinit2.o(.ARM.Collect$$libinit$$00000032)
    __rt_lib_init_fp_1                       0x0000016f   Thumb Code     0  libinit2.o(.ARM.Collect$$libinit$$00000002)
    __rt_lib_init_fp_trap_1                  0x0000016f   Thumb Code     0  libinit2.o(.ARM.Collect$$libinit$$00000021)
    __rt_lib_init_getenv_1                   0x0000016f   Thumb Code     0  libinit2.o(.ARM.Collect$$libinit$$00000025)
    __rt_lib_init_heap_1                     0x0000016f   Thumb Code     0  libinit2.o(.ARM.Collect$$libinit$$0000000C)
    __rt_lib_init_lc_collate_1               0x0000016f   Thumb Code     0  libinit2.o(.ARM.Collect$$libinit$$00000013)
    __rt_lib_init_lc_ctype_1                 0x0000016f   Thumb Code     0  libinit2.o(.ARM.Collect$$libinit$$00000015)
    __rt_lib_init_lc_monetary_1              0x0000016f   Thumb Code     0  libinit2.o(.ARM.Collect$$libinit$$00000017)
    __rt_lib_init_lc_numeric_1               0x0000016f   Thumb Code     0  libinit2.o(.ARM.Collect$$libinit$$00000019)
    __rt_lib_init_lc_time_1                  0x0000016f   Thumb Code     0  libinit2.o(.ARM.Collect$$libinit$$0000001B)
    __rt_lib_init_preinit_1                  0x0000016f   Thumb Code     0  libinit2.o(.ARM.Collect$$libinit$$00000006)
    __rt_lib_init_rand_1                     0x0000016f   Thumb Code     0  libinit2.o(.ARM.Collect$$libinit$$00000010)
    __rt_lib_init_relocate_pie_1             0x0000016f   Thumb Code     0  libinit2.o(.ARM.Collect$$libinit$$00000004)
    __rt_lib_init_return                     0x0000016f   Thumb Code     0  libinit2.o(.ARM.Collect$$libinit$$00000035)
    __rt_lib_init_signal_1                   0x0000016f   Thumb Code     0  libinit2.o(.ARM.Collect$$libinit$$0000001F)
    __rt_lib_init_stdio_1                    0x0000016f   Thumb Code     0  libinit2.o(.ARM.Collect$$libinit$$00000027)
    __rt_lib_init_user_alloc_1               0x0000016f   Thumb Code     0  libinit2.o(.ARM.Collect$$libinit$$0000000E)
    __rt_lib_shutdown                        0x00000171   Thumb Code     0  libshutdown.o(.ARM.Collect$$libshutdown$$00000000)
    __rt_lib_shutdown_cpp_1                  0x00000173   Thumb Code     0  libshutdown2.o(.ARM.Collect$$libshutdown$$00000002)
    __rt_lib_shutdown_fp_trap_1              0x00000173   Thumb Code     0  libshutdown2.o(.ARM.Collect$$libshutdown$$00000007)
    __rt_lib_shutdown_heap_1                 0x00000173   Thumb Code     0  libshutdown2.o(.ARM.Collect$$libshutdown$$0000000F)
    __rt_lib_shutdown_return                 0x00000173   Thumb Code     0  libshutdown2.o(.ARM.Collect$$libshutdown$$00000010)
    __rt_lib_shutdown_signal_1               0x00000173   Thumb Code     0  libshutdown2.o(.ARM.Collect$$libshutdown$$0000000A)
    __rt_lib_shutdown_stdio_1                0x00000173   Thumb Code     0  libshutdown2.o(.ARM.Collect$$libshutdown$$00000004)
    __rt_lib_shutdown_user_alloc_1           0x00000173   Thumb Code     0  libshutdown2.o(.ARM.Collect$$libshutdown$$0000000C)
    __rt_entry                               0x00000175   Thumb Code     0  __rtentry.o(.ARM.Collect$$rtentry$$00000000)
    __rt_entry_presh_1                       0x00000175   Thumb Code     0  __rtentry2.o(.ARM.Collect$$rtentry$$00000002)
    __rt_entry_sh                            0x00000175   Thumb Code     0  __rtentry4.o(.ARM.Collect$$rtentry$$00000004)
    __rt_entry_li                            0x0000017b   Thumb Code     0  __rtentry2.o(.ARM.Collect$$rtentry$$0000000A)
    __rt_entry_postsh_1                      0x0000017b   Thumb Code     0  __rtentry2.o(.ARM.Collect$$rtentry$$00000009)
    __rt_entry_main                          0x0000017f   Thumb Code     0  __rtentry2.o(.ARM.Collect$$rtentry$$0000000D)
    __rt_entry_postli_1                      0x0000017f   Thumb Code     0  __rtentry2.o(.ARM.Collect$$rtentry$$0000000C)
    __rt_exit                                0x00000187   Thumb Code     0  rtexit.o(.ARM.Collect$$rtexit$$00000000)
    __rt_exit_ls                             0x00000189   Thumb Code     0  rtexit2.o(.ARM.Collect$$rtexit$$00000003)
    __rt_exit_prels_1                        0x00000189   Thumb Code     0  rtexit2.o(.ARM.Collect$$rtexit$$00000002)
    __rt_exit_exit                           0x0000018d   Thumb Code     0  rtexit2.o(.ARM.Collect$$rtexit$$00000004)
    Reset_Handler                            0x00000195   Thumb Code     4  startup_lpc17xx.o(.text)
    NMI_Handler                              0x00000199   Thumb Code     2  startup_lpc17xx.o(.text)
    HardFault_Handler                        0x0000019b   Thumb Code     2  startup_lpc17xx.o(.text)
    MemManage_Handler                        0x0000019d   Thumb Code     2  startup_lpc17xx.o(.text)
    BusFault_Handler                         0x0000019f   Thumb Code     2  startup_lpc17xx.o(.text)
    UsageFault_Handler                       0x000001a1   Thumb Code     2  startup_lpc17xx.o(.text)
    SVC_Handler                              0x000001a3   Thumb Code     2  startup_lpc17xx.o(.text)
    DebugMon_Handler                         0x000001a5   Thumb Code     2  startup_lpc17xx.o(.text)
    PendSV_Handler                           0x000001a7   Thumb Code     2  startup_lpc17xx.o(.text)
    SysTick_Handler                          0x000001a9   Thumb Code     2  startup_lpc17xx.o(.text)
    ADC_IRQHandler                           0x000001ab   Thumb Code     0  startup_lpc17xx.o(.text)
    BOD_IRQHandler                           0x000001ab   Thumb Code     0  startup_lpc17xx.o(.text)
    CANActivity_IRQHandler                   0x000001ab   Thumb Code     0  startup_lpc17xx.o(.text)
    CAN_IRQHandler                           0x000001ab   Thumb Code     0  startup_lpc17xx.o(.text)
    DMA_IRQHandler                           0x000001ab   Thumb Code     0  startup_lpc17xx.o(.text)
    EINT3_IRQHandler                         0x000001ab   Thumb Code     0  startup_lpc17xx.o(.text)
    ENET_IRQHandler                          0x000001ab   Thumb Code     0  startup_lpc17xx.o(.text)
    I2C0_IRQHandler                          0x000001ab   Thumb Code     0  startup_lpc17xx.o(.text)
    I2C1_IRQHandler                          0x000001ab   Thumb Code     0  startup_lpc17xx.o(.text)
    I2C2_IRQHandler                          0x000001ab   Thumb Code     0  startup_lpc17xx.o(.text)
    I2S_IRQHandler                           0x000001ab   Thumb Code     0  startup_lpc17xx.o(.text)
    MCPWM_IRQHandler                         0x000001ab   Thumb Code     0  startup_lpc17xx.o(.text)
    PLL0_IRQHandler                          0x000001ab   Thumb Code     0  startup_lpc17xx.o(.text)
    PLL1_IRQHandler                          0x000001ab   Thumb Code     0  startup_lpc17xx.o(.text)
    PWM1_IRQHandler                          0x000001ab   Thumb Code     0  startup_lpc17xx.o(.text)
    QEI_IRQHandler                           0x000001ab   Thumb Code     0  startup_lpc17xx.o(.text)
    RTC_IRQHandler                           0x000001ab   Thumb Code     0  startup_lpc17xx.o(.text)
    SPI_IRQHandler                           0x000001ab   Thumb Code     0  startup_lpc17xx.o(.text)
    SSP0_IRQHandler                          0x000001ab   Thumb Code     0  startup_lpc17xx.o(.text)
    SSP1_IRQHandler                          0x000001ab   Thumb Code     0  startup_lpc17xx.o(.text)
    TIMER2_IRQHandler                        0x000001ab   Thumb Code     0  startup_lpc17xx.o(.text)
    TIMER3_IRQHandler                        0x000001ab   Thumb Code     0  startup_lpc17xx.o(.text)
    UART0_IRQHandler                         0x000001ab   Thumb Code     0  startup_lpc17xx.o(.text)
    UART1_IRQHandler                         0x000001ab   Thumb Code     0  startup_lpc17xx.o(.text)
    UART2_IRQHandler                         0x000001ab   Thumb Code     0  startup_lpc17xx.o(.text)
    UART3_IRQHandler                         0x000001ab   Thumb Code     0  startup_lpc17xx.o(.text)
    USBActivity_IRQHandler                   0x000001ab   Thumb Code     0  startup_lpc17xx.o(.text)
    USB_IRQHandler                           0x000001ab   Thumb Code     0  startup_lpc17xx.o(.text)
    WDT_IRQHandler                           0x000001ab   Thumb Code     0  startup_lpc17xx.o(.text)
    __user_initial_stackheap                 0x000001ad   Thumb Code     0  startup_lpc17xx.o(.text)
    main                                     0x000001c9   Thumb Code   100  sample.o(.text)
    TIMER0_IRQHandler                        0x00000235   Thumb Code    10  irq_timer.o(.text)
    TIMER1_IRQHandler                        0x00000241   Thumb Code    14  irq_timer.o(.text)
    enable_timer                             0x00000251   Thumb Code    32  lib_timer.o(.text)
    disable_timer                            0x00000271   Thumb Code    32  lib_timer.o(.text)
    reset_timer                              0x00000291   Thumb Code    34  lib_timer.o(.text)
    init_timer                               0x000002b5   Thumb Code    72  lib_timer.o(.text)
    SystemInit                               0x00000301   Thumb Code   320  system_lpc17xx.o(.text)
    GetASCIICode                             0x00000451   Thumb Code    42  asciilib.o(.text)
    LCD_Initialization                       0x0000047d   Thumb Code  4466  glcd.o(.text)
    LCD_Clear                                0x000015f1   Thumb Code   292  glcd.o(.text)
    LCD_GetPoint                             0x00001715   Thumb Code   356  glcd.o(.text)
    LCD_SetPoint                             0x00001879   Thumb Code   322  glcd.o(.text)
    LCD_DrawLine                             0x000019bd   Thumb Code   224  glcd.o(.text)
    PutChar                                  0x00001a9d   Thumb Code   102  glcd.o(.text)
    GUI_Text                                 0x00001b05   Thumb Code   156  glcd.o(.text)
    LCD_setBlock                             0x00001ba1   Thumb Code    56  glcd.o(.text)
    field_init                               0x00001bd9   Thumb Code   126  glcd.o(.text)
    RIT_IRQHandler                           0x00001c59   Thumb Code   256  irq_rit.o(.text)
    joystick_init                            0x00001d59   Thumb Code    50  lib_joystick.o(.text)
    EINT0_IRQHandler                         0x00001d8d   Thumb Code    18  irq_button.o(.text)
    EINT1_IRQHandler                         0x00001da1   Thumb Code    68  irq_button.o(.text)
    EINT2_IRQHandler                         0x00001de5   Thumb Code    18  irq_button.o(.text)
    BUTTON_init                              0x00001df9   Thumb Code   124  lib_button.o(.text)
    LED_On                                   0x00001e75   Thumb Code    40  funct_led.o(.text)
    LED_Off                                  0x00001e9d   Thumb Code    42  funct_led.o(.text)
    LED_Out                                  0x00001ec9   Thumb Code    68  funct_led.o(.text)
    __aeabi_memclr4                          0x00001f0d   Thumb Code     0  rt_memclr_w.o(.text)
    __aeabi_memclr8                          0x00001f0d   Thumb Code     0  rt_memclr_w.o(.text)
    __rt_memclr_w                            0x00001f0d   Thumb Code     0  rt_memclr_w.o(.text)
    _memset_w                                0x00001f11   Thumb Code    74  rt_memclr_w.o(.text)
    __use_two_region_memory                  0x00001f5b   Thumb Code     2  heapauxi.o(.text)
    __rt_heap_escrow$2region                 0x00001f5d   Thumb Code     2  heapauxi.o(.text)
    __rt_heap_expand$2region                 0x00001f5f   Thumb Code     2  heapauxi.o(.text)
    __user_setup_stackheap                   0x00001f61   Thumb Code    74  sys_stackheap_outer.o(.text)
    exit                                     0x00001fab   Thumb Code    18  exit.o(.text)
    __user_libspace                          0x00001fbd   Thumb Code     8  libspace.o(.text)
    __user_perproc_libspace                  0x00001fbd   Thumb Code     0  libspace.o(.text)
    __user_perthread_libspace                0x00001fbd   Thumb Code     0  libspace.o(.text)
    _sys_exit                                0x00001fc5   Thumb Code     8  sys_exit.o(.text)
    __I$use$semihosting                      0x00001fd1   Thumb Code     0  use_no_semi.o(.text)
    __use_no_semihosting_swi                 0x00001fd1   Thumb Code     2  use_no_semi.o(.text)
    __semihosting_library_function           0x00001fd3   Thumb Code     0  indicate_semi.o(.text)
    led_mask                                 0x000025c4   Data          32  funct_led.o(.rodata.led_mask)
    Region$$Table$$Base                      0x000025e4   Number         0  anon$$obj.o(Region$$Table)
    Region$$Table$$Limit                     0x00002614   Number         0  anon$$obj.o(Region$$Table)
    SystemFrequency                          0x2007c000   Data           4  system_lpc17xx.o(.data.SystemFrequency)
    __libspace_start                         0x2007c008   Data          96  libspace.o(.bss)
    __temporary_stack_top$libspace           0x2007c068   Data           0  libspace.o(.bss)
    ScaleFlag                                0x2007c078   Data           1  system_lpc17xx.o(.bss.ScaleFlag)
    down                                     0x2007c07c   Data           4  irq_rit.o(.bss.down)
    field                                    0x2007c080   Data         400  glcd.o(.bss.field)
    led_value                                0x2007c210   Data           1  lib_led.o(.bss.led_value)



==============================================================================

Memory Map of the image

  Image Entry point : 0x000000cd

  Load Region LR_IROM1 (Base: 0x00000000, Size: 0x00002620, Max: 0x00080000, ABSOLUTE)

    Execution Region ER_IROM1 (Exec base: 0x00000000, Load base: 0x00000000, Size: 0x00002614, Max: 0x00080000, ABSOLUTE)

    Exec Addr    Load Addr    Size         Type   Attr      Idx    E Section Name        Object

    0x00000000   0x00000000   0x000000cc   Data   RO            3    RESET               startup_lpc17xx.o
    0x000000cc   0x000000cc   0x00000008   Code   RO          147  * !!!main             c_w.l(__main.o)
    0x000000d4   0x000000d4   0x0000005c   Code   RO          314    !!!scatter          c_w.l(__scatter.o)
    0x00000130   0x00000130   0x0000001a   Code   RO          318    !!handler_copy      c_w.l(__scatter_copy.o)
    0x0000014a   0x0000014a   0x00000002   PAD
    0x0000014c   0x0000014c   0x00000002   Code   RO          315    !!handler_null      c_w.l(__scatter.o)
    0x0000014e   0x0000014e   0x00000002   PAD
    0x00000150   0x00000150   0x0000001c   Code   RO          320    !!handler_zi        c_w.l(__scatter_zi.o)
    0x0000016c   0x0000016c   0x00000002   Code   RO          176    .ARM.Collect$$libinit$$00000000  c_w.l(libinit.o)
    0x0000016e   0x0000016e   0x00000000   Code   RO          183    .ARM.Collect$$libinit$$00000002  c_w.l(libinit2.o)
    0x0000016e   0x0000016e   0x00000000   Code   RO          185    .ARM.Collect$$libinit$$00000004  c_w.l(libinit2.o)
    0x0000016e   0x0000016e   0x00000000   Code   RO          187    .ARM.Collect$$libinit$$00000006  c_w.l(libinit2.o)
    0x0000016e   0x0000016e   0x00000000   Code   RO          190    .ARM.Collect$$libinit$$0000000C  c_w.l(libinit2.o)
    0x0000016e   0x0000016e   0x00000000   Code   RO          192    .ARM.Collect$$libinit$$0000000E  c_w.l(libinit2.o)
    0x0000016e   0x0000016e   0x00000000   Code   RO          194    .ARM.Collect$$libinit$$00000010  c_w.l(libinit2.o)
    0x0000016e   0x0000016e   0x00000000   Code   RO          197    .ARM.Collect$$libinit$$00000013  c_w.l(libinit2.o)
    0x0000016e   0x0000016e   0x00000000   Code   RO          199    .ARM.Collect$$libinit$$00000015  c_w.l(libinit2.o)
    0x0000016e   0x0000016e   0x00000000   Code   RO          201    .ARM.Collect$$libinit$$00000017  c_w.l(libinit2.o)
    0x0000016e   0x0000016e   0x00000000   Code   RO          203    .ARM.Collect$$libinit$$00000019  c_w.l(libinit2.o)
    0x0000016e   0x0000016e   0x00000000   Code   RO          205    .ARM.Collect$$libinit$$0000001B  c_w.l(libinit2.o)
    0x0000016e   0x0000016e   0x00000000   Code   RO          207    .ARM.Collect$$libinit$$0000001D  c_w.l(libinit2.o)
    0x0000016e   0x0000016e   0x00000000   Code   RO          209    .ARM.Collect$$libinit$$0000001F  c_w.l(libinit2.o)
    0x0000016e   0x0000016e   0x00000000   Code   RO          211    .ARM.Collect$$libinit$$00000021  c_w.l(libinit2.o)
    0x0000016e   0x0000016e   0x00000000   Code   RO          213    .ARM.Collect$$libinit$$00000023  c_w.l(libinit2.o)
    0x0000016e   0x0000016e   0x00000000   Code   RO          215    .ARM.Collect$$libinit$$00000025  c_w.l(libinit2.o)
    0x0000016e   0x0000016e   0x00000000   Code   RO          217    .ARM.Collect$$libinit$$00000027  c_w.l(libinit2.o)
    0x0000016e   0x0000016e   0x00000000   Code   RO          221    .ARM.Collect$$libinit$$0000002E  c_w.l(libinit2.o)
    0x0000016e   0x0000016e   0x00000000   Code   RO          223    .ARM.Collect$$libinit$$00000030  c_w.l(libinit2.o)
    0x0000016e   0x0000016e   0x00000000   Code   RO          225    .ARM.Collect$$libinit$$00000032  c_w.l(libinit2.o)
    0x0000016e   0x0000016e   0x00000000   Code   RO          227    .ARM.Collect$$libinit$$00000034  c_w.l(libinit2.o)
    0x0000016e   0x0000016e   0x00000002   Code   RO          228    .ARM.Collect$$libinit$$00000035  c_w.l(libinit2.o)
    0x00000170   0x00000170   0x00000002   Code   RO          250    .ARM.Collect$$libshutdown$$00000000  c_w.l(libshutdown.o)
    0x00000172   0x00000172   0x00000000   Code   RO          265    .ARM.Collect$$libshutdown$$00000002  c_w.l(libshutdown2.o)
    0x00000172   0x00000172   0x00000000   Code   RO          267    .ARM.Collect$$libshutdown$$00000004  c_w.l(libshutdown2.o)
    0x00000172   0x00000172   0x00000000   Code   RO          270    .ARM.Collect$$libshutdown$$00000007  c_w.l(libshutdown2.o)
    0x00000172   0x00000172   0x00000000   Code   RO          273    .ARM.Collect$$libshutdown$$0000000A  c_w.l(libshutdown2.o)
    0x00000172   0x00000172   0x00000000   Code   RO          275    .ARM.Collect$$libshutdown$$0000000C  c_w.l(libshutdown2.o)
    0x00000172   0x00000172   0x00000000   Code   RO          278    .ARM.Collect$$libshutdown$$0000000F  c_w.l(libshutdown2.o)
    0x00000172   0x00000172   0x00000002   Code   RO          279    .ARM.Collect$$libshutdown$$00000010  c_w.l(libshutdown2.o)
    0x00000174   0x00000174   0x00000000   Code   RO          149    .ARM.Collect$$rtentry$$00000000  c_w.l(__rtentry.o)
    0x00000174   0x00000174   0x00000000   Code   RO          153    .ARM.Collect$$rtentry$$00000002  c_w.l(__rtentry2.o)
    0x00000174   0x00000174   0x00000006   Code   RO          165    .ARM.Collect$$rtentry$$00000004  c_w.l(__rtentry4.o)
    0x0000017a   0x0000017a   0x00000000   Code   RO          155    .ARM.Collect$$rtentry$$00000009  c_w.l(__rtentry2.o)
    0x0000017a   0x0000017a   0x00000004   Code   RO          156    .ARM.Collect$$rtentry$$0000000A  c_w.l(__rtentry2.o)
    0x0000017e   0x0000017e   0x00000000   Code   RO          158    .ARM.Collect$$rtentry$$0000000C  c_w.l(__rtentry2.o)
    0x0000017e   0x0000017e   0x00000008   Code   RO          159    .ARM.Collect$$rtentry$$0000000D  c_w.l(__rtentry2.o)
    0x00000186   0x00000186   0x00000002   Code   RO          180    .ARM.Collect$$rtexit$$00000000  c_w.l(rtexit.o)
    0x00000188   0x00000188   0x00000000   Code   RO          230    .ARM.Collect$$rtexit$$00000002  c_w.l(rtexit2.o)
    0x00000188   0x00000188   0x00000004   Code   RO          231    .ARM.Collect$$rtexit$$00000003  c_w.l(rtexit2.o)
    0x0000018c   0x0000018c   0x00000006   Code   RO          232    .ARM.Collect$$rtexit$$00000004  c_w.l(rtexit2.o)
    0x00000192   0x00000192   0x00000002   PAD
    0x00000194   0x00000194   0x00000034   Code   RO            5    .text               startup_lpc17xx.o
    0x000001c8   0x000001c8   0x0000006c   Code   RO           13    .text               sample.o
    0x00000234   0x00000234   0x0000001a   Code   RO           31    .text               irq_timer.o
    0x0000024e   0x0000024e   0x00000002   PAD
    0x00000250   0x00000250   0x000000ac   Code   RO           38    .text               lib_timer.o
    0x000002fc   0x000002fc   0x00000004   Code   RO            4    .ARM.__at_0x02FC    startup_lpc17xx.o
    0x00000300   0x00000300   0x00000150   Code   RO           21    .text               system_lpc17xx.o
    0x00000450   0x00000450   0x0000002a   Code   RO           46    .text               asciilib.o
    0x0000047a   0x0000047a   0x00000002   PAD
    0x0000047c   0x0000047c   0x000017da   Code   RO           55    .text               glcd.o
    0x00001c56   0x00001c56   0x00000002   PAD
    0x00001c58   0x00001c58   0x00000100   Code   RO           74    .text               irq_rit.o
    0x00001d58   0x00001d58   0x00000032   Code   RO          101    .text               lib_joystick.o
    0x00001d8a   0x00001d8a   0x00000002   PAD
    0x00001d8c   0x00001d8c   0x0000006a   Code   RO          108    .text               irq_button.o
    0x00001df6   0x00001df6   0x00000002   PAD
    0x00001df8   0x00001df8   0x0000007c   Code   RO          115    .text               lib_button.o
    0x00001e74   0x00001e74   0x00000098   Code   RO          122    .text               funct_led.o
    0x00001f0c   0x00001f0c   0x0000004e   Code   RO          143    .text               c_w.l(rt_memclr_w.o)
    0x00001f5a   0x00001f5a   0x00000006   Code   RO          145    .text               c_w.l(heapauxi.o)
    0x00001f60   0x00001f60   0x0000004a   Code   RO          167    .text               c_w.l(sys_stackheap_outer.o)
    0x00001faa   0x00001faa   0x00000012   Code   RO          169    .text               c_w.l(exit.o)
    0x00001fbc   0x00001fbc   0x00000008   Code   RO          177    .text               c_w.l(libspace.o)
    0x00001fc4   0x00001fc4   0x0000000c   Code   RO          240    .text               c_w.l(sys_exit.o)
    0x00001fd0   0x00001fd0   0x00000002   Code   RO          255    .text               c_w.l(use_no_semi.o)
    0x00001fd2   0x00001fd2   0x00000000   Code   RO          257    .text               c_w.l(indicate_semi.o)
    0x00001fd2   0x00001fd2   0x000005f0   Data   RO           48    .rodata.AsciiLib    asciilib.o
    0x000025c2   0x000025c2   0x00000002   PAD
    0x000025c4   0x000025c4   0x00000020   Data   RO          124    .rodata.led_mask    funct_led.o
    0x000025e4   0x000025e4   0x00000030   Data   RO          313    Region$$Table       anon$$obj.o


    Execution Region RW_IRAM1 (Exec base: 0x10000000, Load base: 0x00002614, Size: 0x00000400, Max: 0x00008000, ABSOLUTE)

    Exec Addr    Load Addr    Size         Type   Attr      Idx    E Section Name        Object

    0x10000000        -       0x00000400   Zero   RW            1    STACK               startup_lpc17xx.o


    Execution Region RW_IRAM2 (Exec base: 0x2007c000, Load base: 0x00002618, Size: 0x00000218, Max: 0x00008000, ABSOLUTE)

    Exec Addr    Load Addr    Size         Type   Attr      Idx    E Section Name        Object

    0x2007c000   0x00002618   0x00000004   Data   RW           23    .data.SystemFrequency  system_lpc17xx.o
    0x2007c004   0x0000261c   0x00000004   PAD
    0x2007c008        -       0x00000060   Zero   RW          178    .bss                c_w.l(libspace.o)
    0x2007c068        -       0x00000004   Zero   RW           78    .bss.RIT_IRQHandler.J_down  irq_rit.o
    0x2007c06c        -       0x00000004   Zero   RW           77    .bss.RIT_IRQHandler.J_up  irq_rit.o
    0x2007c070        -       0x00000004   Zero   RW           79    .bss.RIT_IRQHandler.position  irq_rit.o
    0x2007c074        -       0x00000004   Zero   RW           80    .bss.RIT_IRQHandler.value  irq_rit.o
    0x2007c078        -       0x00000001   Zero   RW           24    .bss.ScaleFlag      system_lpc17xx.o
    0x2007c079   0x0000261c   0x00000003   PAD
    0x2007c07c        -       0x00000004   Zero   RW           76    .bss.down           irq_rit.o
    0x2007c080        -       0x00000190   Zero   RW           57    .bss.field          glcd.o
    0x2007c210        -       0x00000001   Zero   RW          133    .bss.led_value      lib_led.o
    0x2007c211   0x0000261c   0x00000007   PAD
    0x2007c218        -       0x00000000   Zero   RW            2    HEAP                startup_lpc17xx.o


==============================================================================

Image component sizes


      Code (inc. data)   RO Data    RW Data    ZI Data      Debug   Object Name

        42          0       1520          0          0        646   asciilib.o
       152          0         32          0          0       2477   funct_led.o
      6106          0          0          0        400      19124   glcd.o
       106          0          0          0          0       3895   irq_button.o
       256          0          0          0         20       4393   irq_rit.o
        26          0          0          0          0       1136   irq_timer.o
       124          0          0          0          0       5525   lib_button.o
        50          0          0          0          0       2485   lib_joystick.o
         0          0          0          0          1       2505   lib_led.o
       172          0          0          0          0       3262   lib_timer.o
       108          8          0          0          0       1714   sample.o
        56         22        204          0       1024        944   startup_lpc17xx.o
       336         20          0          4          1       2134   system_lpc17xx.o

    ----------------------------------------------------------------------
      7544         50       1806          4       1460      50240   Object Totals
         0          0         48          0          0          0   (incl. Generated)
        10          0          2          0         14          0   (incl. Padding)

    ----------------------------------------------------------------------

      Code (inc. data)   RO Data    RW Data    ZI Data      Debug   Library Member Name

         8          0          0          0          0         68   __main.o
         0          0          0          0          0          0   __rtentry.o
        12          0          0          0          0          0   __rtentry2.o
         6          0          0          0          0          0   __rtentry4.o
        94          8          0          0          0          0   __scatter.o
        26          0          0          0          0          0   __scatter_copy.o
        28          0          0          0          0          0   __scatter_zi.o
        18          0          0          0          0         80   exit.o
         6          0          0          0          0        152   heapauxi.o
         0          0          0          0          0          0   indicate_semi.o
         2          0          0          0          0          0   libinit.o
         2          0          0          0          0          0   libinit2.o
         2          0          0          0          0          0   libshutdown.o
         2          0          0          0          0          0   libshutdown2.o
         8          4          0          0         96         68   libspace.o
        78          0          0          0          0         80   rt_memclr_w.o
         2          0          0          0          0          0   rtexit.o
        10          0          0          0          0          0   rtexit2.o
        12          4          0          0          0         68   sys_exit.o
        74          0          0          0          0         80   sys_stackheap_outer.o
         2          0          0          0          0         68   use_no_semi.o

    ----------------------------------------------------------------------
       398         16          0          0         96        664   Library Totals
         6          0          0          0          0          0   (incl. Padding)

    ----------------------------------------------------------------------

      Code (inc. data)   RO Data    RW Data    ZI Data      Debug   Library Name

       392         16          0          0         96        664   c_w.l

    ----------------------------------------------------------------------
       398         16          0          0         96        664   Library Totals

    ----------------------------------------------------------------------

==============================================================================


      Code (inc. data)   RO Data    RW Data    ZI Data      Debug   

      7942         66       1806          4       1556      50612   Grand Totals
      7942         66       1806          4       1556      50612   ELF Image Totals
      7942         66       1806          4          0          0   ROM Totals

==============================================================================

    Total RO  Size (Code + RO Data)                 9748 (   9.52kB)
    Total RW  Size (RW Data + ZI Data)              1560 (   1.52kB)
    Total ROM Size (Code + RO Data + RW Data)       9752 (   9.52kB)

==============================================================================

