Component: Arm Compiler for Embedded 6.24 Tool: armlink [5f371500]

==============================================================================

Section Cross References

    startup_lpc17xx.o(STACK) refers (Special) to heapauxi.o(.text) for __use_two_region_memory
    startup_lpc17xx.o(HEAP) refers (Special) to heapauxi.o(.text) for __use_two_region_memory
    startup_lpc17xx.o(RESET) refers (Special) to heapauxi.o(.text) for __use_two_region_memory
    startup_lpc17xx.o(RESET) refers to startup_lpc17xx.o(STACK) for __initial_sp
    startup_lpc17xx.o(RESET) refers to startup_lpc17xx.o(.text) for Reset_Handler
    startup_lpc17xx.o(RESET) refers to irq_timer.o(.text) for TIMER0_IRQHandler
    startup_lpc17xx.o(RESET) refers to irq_button.o(.text) for EINT0_IRQHandler
    startup_lpc17xx.o(RESET) refers to irq_rit.o(.text) for RIT_IRQHandler
    startup_lpc17xx.o(.ARM.__at_0x02FC) refers (Special) to heapauxi.o(.text) for __use_two_region_memory
    startup_lpc17xx.o(.text) refers (Special) to heapauxi.o(.text) for __use_two_region_memory
    startup_lpc17xx.o(.text) refers to __main.o(!!!main) for __main
    startup_lpc17xx.o(.text) refers to startup_lpc17xx.o(HEAP) for Heap_Mem
    startup_lpc17xx.o(.text) refers to startup_lpc17xx.o(STACK) for Stack_Mem
    sample.o(.text) refers to system_lpc17xx.o(.text) for SystemInit
    sample.o(.text) refers to lib_button.o(.text) for BUTTON_init
    sample.o(.text) refers to lib_joystick.o(.text) for joystick_init
    sample.o(.text) refers to lib_rit.o(.text) for init_RIT
    sample.o(.text) refers to lib_timer.o(.text) for init_timer
    sample.o(.text) refers to glcd.o(.text) for LCD_Initialization
    sample.o(.text) refers to game.o(.text) for field_init
    sample.o(.ARM.exidx) refers to sample.o(.text) for [Anonymous Symbol]
    system_lpc17xx.o(.text) refers to system_lpc17xx.o(.data.SystemFrequency) for SystemFrequency
    system_lpc17xx.o(.ARM.exidx) refers to system_lpc17xx.o(.text) for [Anonymous Symbol]
    irq_timer.o(.text) refers to game.o(.text) for advance_game
    irq_timer.o(.ARM.exidx) refers to irq_timer.o(.text) for [Anonymous Symbol]
    lib_timer.o(.ARM.exidx) refers to lib_timer.o(.text) for [Anonymous Symbol]
    asciilib.o(.text) refers to asciilib.o(.rodata.AsciiLib) for AsciiLib
    asciilib.o(.ARM.exidx) refers to asciilib.o(.text) for [Anonymous Symbol]
    glcd.o(.text) refers to glcd.o(.bss.LCD_Code) for LCD_Code
    glcd.o(.text) refers to asciilib.o(.text) for GetASCIICode
    glcd.o(.ARM.exidx) refers to glcd.o(.text) for [Anonymous Symbol]
    hzlib.o(.text) refers to hzlib.o(.rodata.HzLib) for HzLib
    hzlib.o(.text) refers to rt_memcpy_v6.o(.text) for __aeabi_memcpy
    hzlib.o(.ARM.exidx) refers to hzlib.o(.text) for [Anonymous Symbol]
    irq_rit.o(.text) refers to irq_rit.o(.bss.down_0) for down_0
    irq_rit.o(.text) refers to irq_rit.o(.bss.toRelease_down_0) for toRelease_down_0
    irq_rit.o(.text) refers to irq_rit.o(.bss.down_1) for down_1
    irq_rit.o(.text) refers to game.o(.text) for toggle_running
    irq_rit.o(.text) refers to irq_rit.o(.bss.toRelease_down_1) for toRelease_down_1
    irq_rit.o(.text) refers to irq_rit.o(.bss.down_2) for down_2
    irq_rit.o(.text) refers to irq_rit.o(.bss.toRelease_down_2) for toRelease_down_2
    irq_rit.o(.text) refers to irq_rit.o(.bss.J_up_left) for J_up_left
    irq_rit.o(.text) refers to irq_rit.o(.bss.J_up_right) for J_up_right
    irq_rit.o(.text) refers to irq_rit.o(.bss.J_down_left) for J_down_left
    irq_rit.o(.text) refers to irq_rit.o(.bss.J_down_right) for J_down_right
    irq_rit.o(.text) refers to irq_rit.o(.bss.J_up) for J_up
    irq_rit.o(.text) refers to irq_rit.o(.bss.J_down) for J_down
    irq_rit.o(.text) refers to irq_rit.o(.bss.J_right) for J_right
    irq_rit.o(.text) refers to irq_rit.o(.bss.J_left) for J_left
    irq_rit.o(.text) refers to irq_rit.o(.bss.J_click) for J_click
    irq_rit.o(.ARM.exidx) refers to irq_rit.o(.text) for [Anonymous Symbol]
    lib_rit.o(.ARM.exidx) refers to lib_rit.o(.text) for [Anonymous Symbol]
    funct_joystick.o(.text) refers to funct_led.o(.text) for LED_Out
    funct_joystick.o(.ARM.exidx) refers to funct_joystick.o(.text) for [Anonymous Symbol]
    lib_joystick.o(.ARM.exidx) refers to lib_joystick.o(.text) for [Anonymous Symbol]
    irq_button.o(.text) refers to irq_rit.o(.bss.down_0) for down_0
    irq_button.o(.text) refers to irq_rit.o(.bss.down_1) for down_1
    irq_button.o(.text) refers to irq_rit.o(.bss.down_2) for down_2
    irq_button.o(.ARM.exidx) refers to irq_button.o(.text) for [Anonymous Symbol]
    lib_button.o(.ARM.exidx) refers to lib_button.o(.text) for [Anonymous Symbol]
    funct_led.o(.text) refers to funct_led.o(.rodata.led_mask) for led_mask
    funct_led.o(.text) refers to lib_led.o(.bss.led_value) for led_value
    funct_led.o(.ARM.exidx) refers to funct_led.o(.text) for [Anonymous Symbol]
[...]
    game.o(.bss.current_tetromino.2) refers (Special) to _printf_dec.o(.text) for _printf_int_dec
    game.o(.bss.current_tetromino.3) refers (Special) to _printf_percent.o(.ARM.Collect$$_printf_percent$$00000000) for _printf_percent
    game.o(.bss.current_tetromino.3) refers (Special) to _printf_pad.o(.text) for _printf_pre_padding
    game.o(.bss.current_tetromino.3) refers (Special) to _printf_d.o(.ARM.Collect$$_printf_percent$$00000009) for _printf_d
    game.o(.bss.current_tetromino.3) refers (Special) to _printf_dec.o(.text) for _printf_int_dec
    game.o(.bss.current_tetromino.4) refers (Special) to _printf_percent.o(.ARM.Collect$$_printf_percent$$00000000) for _printf_percent
    game.o(.bss.current_tetromino.4) refers (Special) to _printf_pad.o(.text) for _printf_pre_padding
    game.o(.bss.current_tetromino.4) refers (Special) to _printf_d.o(.ARM.Collect$$_printf_percent$$00000009) for _printf_d
    game.o(.bss.current_tetromino.4) refers (Special) to _printf_dec.o(.text) for _printf_int_dec
    game.o(.bss.current_tetromino.5) refers (Special) to _printf_percent.o(.ARM.Collect$$_printf_percent$$00000000) for _printf_percent
    game.o(.bss.current_tetromino.5) refers (Special) to _printf_pad.o(.text) for _printf_pre_padding
    game.o(.bss.current_tetromino.5) refers (Special) to _printf_d.o(.ARM.Collect$$_printf_percent$$00000009) for _printf_d
    game.o(.bss.current_tetromino.5) refers (Special) to _printf_dec.o(.text) for _printf_int_dec
    game.o(.bss.seed) refers (Special) to _printf_percent.o(.ARM.Collect$$_printf_percent$$00000000) for _printf_percent
    game.o(.bss.seed) refers (Special) to _printf_pad.o(.text) for _printf_pre_padding
    game.o(.bss.seed) refers (Special) to _printf_d.o(.ARM.Collect$$_printf_percent$$00000009) for _printf_d
    game.o(.bss.seed) refers (Special) to _printf_dec.o(.text) for _printf_int_dec
    game.o(.rodata.colors) refers (Special) to _printf_percent.o(.ARM.Collect$$_printf_percent$$00000000) for _printf_percent
    game.o(.rodata.colors) refers (Special) to _printf_pad.o(.text) for _printf_pre_padding
    game.o(.rodata.colors) refers (Special) to _printf_d.o(.ARM.Collect$$_printf_percent$$00000009) for _printf_d
    game.o(.rodata.colors) refers (Special) to _printf_dec.o(.text) for _printf_int_dec
    game.o(.rodata.str1.1) refers (Special) to _printf_percent.o(.ARM.Collect$$_printf_percent$$00000000) for _printf_percent
    game.o(.rodata.str1.1) refers (Special) to _printf_pad.o(.text) for _printf_pre_padding
    game.o(.rodata.str1.1) refers (Special) to _printf_d.o(.ARM.Collect$$_printf_percent$$00000009) for _printf_d
    game.o(.rodata.str1.1) refers (Special) to _printf_dec.o(.text) for _printf_int_dec
    game.o(.bss.high_score) refers (Special) to _printf_percent.o(.ARM.Collect$$_printf_percent$$00000000) for _printf_percent
    game.o(.bss.high_score) refers (Special) to _printf_pad.o(.text) for _printf_pre_padding
    game.o(.bss.high_score) refers (Special) to _printf_d.o(.ARM.Collect$$_printf_percent$$00000009) for _printf_d
    game.o(.bss.high_score) refers (Special) to _printf_dec.o(.text) for _printf_int_dec
    game.o(.bss.current_score) refers (Special) to _printf_percent.o(.ARM.Collect$$_printf_percent$$00000000) for _printf_percent
    game.o(.bss.current_score) refers (Special) to _printf_pad.o(.text) for _printf_pre_padding
    game.o(.bss.current_score) refers (Special) to _printf_d.o(.ARM.Collect$$_printf_percent$$00000009) for _printf_d
    game.o(.bss.current_score) refers (Special) to _printf_dec.o(.text) for _printf_int_dec
    game.o(.bss.total_cleared_rows) refers (Special) to _printf_percent.o(.ARM.Collect$$_printf_percent$$00000000) for _printf_percent
    game.o(.bss.total_cleared_rows) refers (Special) to _printf_pad.o(.text) for _printf_pre_padding
    game.o(.bss.total_cleared_rows) refers (Special) to _printf_d.o(.ARM.Collect$$_printf_percent$$00000009) for _printf_d
    game.o(.bss.total_cleared_rows) refers (Special) to _printf_dec.o(.text) for _printf_int_dec
    game.o(.bss.hard_drop) refers (Special) to _printf_percent.o(.ARM.Collect$$_printf_percent$$00000000) for _printf_percent
    game.o(.bss.hard_drop) refers (Special) to _printf_pad.o(.text) for _printf_pre_padding
    game.o(.bss.hard_drop) refers (Special) to _printf_d.o(.ARM.Collect$$_printf_percent$$00000009) for _printf_d
    game.o(.bss.hard_drop) refers (Special) to _printf_dec.o(.text) for _printf_int_dec
    game.o(.bss.move_right) refers (Special) to _printf_percent.o(.ARM.Collect$$_printf_percent$$00000000) for _printf_percent
    game.o(.bss.move_right) refers (Special) to _printf_pad.o(.text) for _printf_pre_padding
    game.o(.bss.move_right) refers (Special) to _printf_d.o(.ARM.Collect$$_printf_percent$$00000009) for _printf_d
    game.o(.bss.move_right) refers (Special) to _printf_dec.o(.text) for _printf_int_dec
    game.o(.bss.move_left) refers (Special) to _printf_percent.o(.ARM.Collect$$_printf_percent$$00000000) for _printf_percent
    game.o(.bss.move_left) refers (Special) to _printf_pad.o(.text) for _printf_pre_padding
    game.o(.bss.move_left) refers (Special) to _printf_d.o(.ARM.Collect$$_printf_percent$$00000009) for _printf_d
    game.o(.bss.move_left) refers (Special) to _printf_dec.o(.text) for _printf_int_dec
    game.o(.bss.rotate) refers (Special) to _printf_percent.o(.ARM.Collect$$_printf_percent$$00000000) for _printf_percent
    game.o(.bss.rotate) refers (Special) to _printf_pad.o(.text) for _printf_pre_padding
    game.o(.bss.rotate) refers (Special) to _printf_d.o(.ARM.Collect$$_printf_percent$$00000009) for _printf_d
    game.o(.bss.rotate) refers (Special) to _printf_dec.o(.text) for _printf_int_dec
    game.o(.bss.soft_drop) refers (Special) to _printf_percent.o(.ARM.Collect$$_printf_percent$$00000000) for _printf_percent
    game.o(.bss.soft_drop) refers (Special) to _printf_pad.o(.text) for _printf_pre_padding
    game.o(.bss.soft_drop) refers (Special) to _printf_d.o(.ARM.Collect$$_printf_percent$$00000009) for _printf_d
    game.o(.bss.soft_drop) refers (Special) to _printf_dec.o(.text) for _printf_int_dec
    game.o(.bss.game_started) refers (Special) to _printf_percent.o(.ARM.Collect$$_printf_percent$$00000000) for _printf_percent
    game.o(.bss.game_started) refers (Special) to _printf_pad.o(.text) for _printf_pre_padding
    game.o(.bss.game_started) refers (Special) to _printf_d.o(.ARM.Collect$$_printf_percent$$00000009) for _printf_d
    game.o(.bss.game_started) refers (Special) to _printf_dec.o(.text) for _printf_int_dec
    game.o(.bss.tickN) refers (Special) to _printf_percent.o(.ARM.Collect$$_printf_percent$$00000000) for _printf_percent
    game.o(.bss.tickN) refers (Special) to _printf_pad.o(.text) for _printf_pre_padding
    game.o(.bss.tickN) refers (Special) to _printf_d.o(.ARM.Collect$$_printf_percent$$00000009) for _printf_d
    game.o(.bss.tickN) refers (Special) to _printf_dec.o(.text) for _printf_int_dec
    game.o(.bss.game_running) refers (Special) to _printf_percent.o(.ARM.Collect$$_printf_percent$$00000000) for _printf_percent
    game.o(.bss.game_running) refers (Special) to _printf_pad.o(.text) for _printf_pre_padding
    game.o(.bss.game_running) refers (Special) to _printf_d.o(.ARM.Collect$$_printf_percent$$00000009) for _printf_d
    game.o(.bss.game_running) refers (Special) to _printf_dec.o(.text) for _printf_int_dec
    game.o(.bss.paused_placed) refers (Special) to _printf_percent.o(.ARM.Collect$$_printf_percent$$00000000) for _printf_percent
    game.o(.bss.paused_placed) refers (Special) to _printf_pad.o(.text) for _printf_pre_padding
    game.o(.bss.paused_placed) refers (Special) to _printf_d.o(.ARM.Collect$$_printf_percent$$00000009) for _printf_d
    game.o(.bss.paused_placed) refers (Special) to _printf_dec.o(.text) for _printf_int_dec
    __2sprintf.o(.text) refers to _printf_char_common.o(.text) for _printf_char_common
    __2sprintf.o(.text) refers to _sputc.o(.text) for _sputc
    noretval__2sprintf.o(.text) refers to _printf_char_common.o(.text) for _printf_char_common
    noretval__2sprintf.o(.text) refers to _sputc.o(.text) for _sputc
    __printf.o(.text) refers to _printf_percent.o(.ARM.Collect$$_printf_percent$$00000000) for _printf_percent
    _printf_dec.o(.text) refers to _printf_intcommon.o(.text) for _printf_int_common
    __printf_flags.o(.text) refers to _printf_percent.o(.ARM.Collect$$_printf_percent$$00000000) for _printf_percent
    __printf_flags.o(.text) refers to __printf_flags.o(.constdata) for .constdata
    __printf_ss.o(.text) refers to _printf_percent.o(.ARM.Collect$$_printf_percent$$00000000) for _printf_percent
    __printf_flags_ss.o(.text) refers to _printf_percent.o(.ARM.Collect$$_printf_percent$$00000000) for _printf_percent
    __printf_flags_ss.o(.text) refers to __printf_flags_ss.o(.constdata) for .constdata
    __printf_wp.o(.text) refers to __printf_wp.o(i._is_digit) for _is_digit
    __printf_wp.o(.text) refers to _printf_percent.o(.ARM.Collect$$_printf_percent$$00000000) for _printf_percent
    __printf_flags_wp.o(.text) refers to __printf_wp.o(i._is_digit) for _is_digit
    __printf_flags_wp.o(.text) refers to _printf_percent.o(.ARM.Collect$$_printf_percent$$00000000) for _printf_percent
    __printf_flags_wp.o(.text) refers to __printf_flags_wp.o(.constdata) for .constdata
    __printf_ss_wp.o(.text) refers to __printf_wp.o(i._is_digit) for _is_digit
    __printf_ss_wp.o(.text) refers to _printf_percent.o(.ARM.Collect$$_printf_percent$$00000000) for _printf_percent
    __printf_flags_ss_wp.o(.text) refers to __printf_wp.o(i._is_digit) for _is_digit
    __printf_flags_ss_wp.o(.text) refers to _printf_percent.o(.ARM.Collect$$_printf_percent$$00000000) for _printf_percent
    __printf_flags_ss_wp.o(.text) refers to __printf_flags_ss_wp.o(.constdata) for .constdata
    _printf_d.o(.ARM.Collect$$_printf_percent$$00000009) refers (Weak) to _printf_dec.o(.text) for _printf_int_dec
    _printf_percent.o(.ARM.Collect$$_printf_percent$$00000000) refers (Special) to _printf_percent_end.o(.ARM.Collect$$_printf_percent$$00000017) for _printf_percent_end
    rt_memcpy_v6.o(.text) refers to rt_memcpy_w.o(.text) for __aeabi_memcpy4
    __main.o(!!!main) refers to __rtentry.o(.ARM.Collect$$rtentry$$00000000) for __rt_entry
    __rtentry.o(.ARM.Collect$$rtentry$$00000000) refers (Special) to __rtentry2.o(.ARM.Collect$$rtentry$$0000000A) for __rt_entry_li
    __rtentry.o(.ARM.Collect$$rtentry$$00000000) refers (Special) to __rtentry2.o(.ARM.Collect$$rtentry$$0000000D) for __rt_entry_main
    __rtentry.o(.ARM.Collect$$rtentry$$00000000) refers (Special) to __rtentry2.o(.ARM.Collect$$rtentry$$0000000C) for __rt_entry_postli_1
    __rtentry.o(.ARM.Collect$$rtentry$$00000000) refers (Special) to __rtentry2.o(.ARM.Collect$$rtentry$$00000009) for __rt_entry_postsh_1
    __rtentry.o(.ARM.Collect$$rtentry$$00000000) refers (Special) to __rtentry2.o(.ARM.Collect$$rtentry$$00000002) for __rt_entry_presh_1
    __rtentry.o(.ARM.Collect$$rtentry$$00000000) refers (Special) to __rtentry4.o(.ARM.Collect$$rtentry$$00000004) for __rt_entry_sh
    _printf_intcommon.o(.text) refers (Weak) to _printf_pad.o(.text) for _printf_pre_padding
    _printf_intcommon.o(.text) refers (Weak) to _printf_pad.o(.text) for _printf_pre_padding
    _printf_intcommon.o(.text) refers (Weak) to _printf_pad.o(.text) for _printf_post_padding
    _printf_char_common.o(.text) refers to __printf_flags_wp.o(.text) for __printf
    __rtentry2.o(.ARM.Collect$$rtentry$$00000008) refers to boardinit2.o(.text) for _platform_post_stackheap_init
    __rtentry2.o(.ARM.Collect$$rtentry$$0000000A) refers to libinit.o(.ARM.Collect$$libinit$$00000000) for __rt_lib_init
    __rtentry2.o(.ARM.Collect$$rtentry$$0000000B) refers to boardinit3.o(.text) for _platform_post_lib_init
    __rtentry2.o(.ARM.Collect$$rtentry$$0000000D) refers to sample.o(.text) for main
    __rtentry2.o(.ARM.Collect$$rtentry$$0000000D) refers to exit.o(.text) for exit
    __rtentry2.o(.ARM.exidx) refers to __rtentry2.o(.ARM.Collect$$rtentry$$00000001) for .ARM.Collect$$rtentry$$00000001
    __rtentry2.o(.ARM.exidx) refers to __rtentry2.o(.ARM.Collect$$rtentry$$00000008) for .ARM.Collect$$rtentry$$00000008
    __rtentry2.o(.ARM.exidx) refers to __rtentry2.o(.ARM.Collect$$rtentry$$0000000A) for .ARM.Collect$$rtentry$$0000000A
    __rtentry2.o(.ARM.exidx) refers to __rtentry2.o(.ARM.Collect$$rtentry$$0000000B) for .ARM.Collect$$rtentry$$0000000B
    __rtentry2.o(.ARM.exidx) refers to __rtentry2.o(.ARM.Collect$$rtentry$$0000000D) for .ARM.Collect$$rtentry$$0000000D
    __rtentry4.o(.ARM.Collect$$rtentry$$00000004) refers to sys_stackheap_outer.o(.text) for __user_setup_stackheap
    __rtentry4.o(.ARM.exidx) refers to __rtentry4.o(.ARM.Collect$$rtentry$$00000004) for .ARM.Collect$$rtentry$$00000004
    sys_stackheap_outer.o(.text) refers to libspace.o(.text) for __user_perproc_libspace
    sys_stackheap_outer.o(.text) refers to startup_lpc17xx.o(.text) for __user_initial_stackheap
    exit.o(.text) refers to rtexit.o(.ARM.Collect$$rtexit$$00000000) for __rt_exit
    libinit.o(.ARM.Collect$$libinit$$00000000) refers (Special) to libinit2.o(.ARM.Collect$$libinit$$00000030) for __rt_lib_init_alloca_1
    libinit.o(.ARM.Collect$$libinit$$00000000) refers (Special) to libinit2.o(.ARM.Collect$$libinit$$0000002E) for __rt_lib_init_argv_1
    libinit.o(.ARM.Collect$$libinit$$00000000) refers (Special) to libinit2.o(.ARM.Collect$$libinit$$0000001D) for __rt_lib_init_atexit_1
    libinit.o(.ARM.Collect$$libinit$$00000000) refers (Special) to libinit2.o(.ARM.Collect$$libinit$$00000023) for __rt_lib_init_clock_1
    libinit.o(.ARM.Collect$$libinit$$00000000) refers (Special) to libinit2.o(.ARM.Collect$$libinit$$00000034) for __rt_lib_init_cpp_1
    libinit.o(.ARM.Collect$$libinit$$00000000) refers (Special) to libinit2.o(.ARM.Collect$$libinit$$00000032) for __rt_lib_init_exceptions_1
    libinit.o(.ARM.Collect$$libinit$$00000000) refers (Special) to libinit2.o(.ARM.Collect$$libinit$$00000002) for __rt_lib_init_fp_1
    libinit.o(.ARM.Collect$$libinit$$00000000) refers (Special) to libinit2.o(.ARM.Collect$$libinit$$00000021) for __rt_lib_init_fp_trap_1
    libinit.o(.ARM.Collect$$libinit$$00000000) refers (Special) to libinit2.o(.ARM.Collect$$libinit$$00000025) for __rt_lib_init_getenv_1
    libinit.o(.ARM.Collect$$libinit$$00000000) refers (Special) to libinit2.o(.ARM.Collect$$libinit$$0000000C) for __rt_lib_init_heap_1
    libinit.o(.ARM.Collect$$libinit$$00000000) refers (Special) to libinit2.o(.ARM.Collect$$libinit$$00000013) for __rt_lib_init_lc_collate_1
    libinit.o(.ARM.Collect$$libinit$$00000000) refers (Special) to libinit2.o(.ARM.Collect$$libinit$$00000015) for __rt_lib_init_lc_ctype_1
    libinit.o(.ARM.Collect$$libinit$$00000000) refers (Special) to libinit2.o(.ARM.Collect$$libinit$$00000017) for __rt_lib_init_lc_monetary_1
    libinit.o(.ARM.Collect$$libinit$$00000000) refers (Special) to libinit2.o(.ARM.Collect$$libinit$$00000019) for __rt_lib_init_lc_numeric_1
    libinit.o(.ARM.Collect$$libinit$$00000000) refers (Special) to libinit2.o(.ARM.Collect$$libinit$$0000001B) for __rt_lib_init_lc_time_1
    libinit.o(.ARM.Collect$$libinit$$00000000) refers (Special) to libinit2.o(.ARM.Collect$$libinit$$00000006) for __rt_lib_init_preinit_1
    libinit.o(.ARM.Collect$$libinit$$00000000) refers (Special) to libinit2.o(.ARM.Collect$$libinit$$00000010) for __rt_lib_init_rand_1
    libinit.o(.ARM.Collect$$libinit$$00000000) refers (Special) to libinit2.o(.ARM.Collect$$libinit$$00000004) for __rt_lib_init_relocate_pie_1
    libinit.o(.ARM.Collect$$libinit$$00000000) refers (Special) to libinit2.o(.ARM.Collect$$libinit$$00000035) for __rt_lib_init_return
    libinit.o(.ARM.Collect$$libinit$$00000000) refers (Special) to libinit2.o(.ARM.Collect$$libinit$$0000001F) for __rt_lib_init_signal_1
    libinit.o(.ARM.Collect$$libinit$$00000000) refers (Special) to libinit2.o(.ARM.Collect$$libinit$$00000027) for __rt_lib_init_stdio_1
    libinit.o(.ARM.Collect$$libinit$$00000000) refers (Special) to libinit2.o(.ARM.Collect$$libinit$$0000000E) for __rt_lib_init_user_alloc_1
    libspace.o(.text) refers to libspace.o(.bss) for __libspace_start
    rtexit.o(.ARM.Collect$$rtexit$$00000000) refers (Special) to rtexit2.o(.ARM.Collect$$rtexit$$00000004) for __rt_exit_exit
    rtexit.o(.ARM.Collect$$rtexit$$00000000) refers (Special) to rtexit2.o(.ARM.Collect$$rtexit$$00000003) for __rt_exit_ls
    rtexit.o(.ARM.Collect$$rtexit$$00000000) refers (Special) to rtexit2.o(.ARM.Collect$$rtexit$$00000002) for __rt_exit_prels_1
    rtexit.o(.ARM.exidx) refers (Special) to rtexit2.o(.ARM.Collect$$rtexit$$00000004) for __rt_exit_exit
    rtexit.o(.ARM.exidx) refers (Special) to rtexit2.o(.ARM.Collect$$rtexit$$00000003) for __rt_exit_ls
    rtexit.o(.ARM.exidx) refers (Special) to rtexit2.o(.ARM.Collect$$rtexit$$00000002) for __rt_exit_prels_1
    rtexit.o(.ARM.exidx) refers to rtexit.o(.ARM.Collect$$rtexit$$00000000) for .ARM.Collect$$rtexit$$00000000
    libinit2.o(.ARM.Collect$$libinit$$00000012) refers to libinit2.o(.ARM.Collect$$libinit$$00000011) for .ARM.Collect$$libinit$$00000011
    libinit2.o(.ARM.Collect$$libinit$$00000014) refers to libinit2.o(.ARM.Collect$$libinit$$00000011) for .ARM.Collect$$libinit$$00000011
    libinit2.o(.ARM.Collect$$libinit$$00000016) refers to libinit2.o(.ARM.Collect$$libinit$$00000011) for .ARM.Collect$$libinit$$00000011
    libinit2.o(.ARM.Collect$$libinit$$00000018) refers to libinit2.o(.ARM.Collect$$libinit$$00000011) for .ARM.Collect$$libinit$$00000011
    libinit2.o(.ARM.Collect$$libinit$$0000001A) refers to libinit2.o(.ARM.Collect$$libinit$$00000011) for .ARM.Collect$$libinit$$00000011
    libinit2.o(.ARM.Collect$$libinit$$00000028) refers to argv_veneer.o(.emb_text) for __ARM_argv_veneer
    libinit2.o(.ARM.Collect$$libinit$$00000029) refers to argv_veneer.o(.emb_text) for __ARM_argv_veneer
    rtexit2.o(.ARM.Collect$$rtexit$$00000003) refers to libshutdown.o(.ARM.Collect$$libshutdown$$00000000) for __rt_lib_shutdown
    rtexit2.o(.ARM.Collect$$rtexit$$00000004) refers to sys_exit.o(.text) for _sys_exit
    rtexit2.o(.ARM.exidx) refers to rtexit2.o(.ARM.Collect$$rtexit$$00000001) for .ARM.Collect$$rtexit$$00000001
    rtexit2.o(.ARM.exidx) refers to rtexit2.o(.ARM.Collect$$rtexit$$00000003) for .ARM.Collect$$rtexit$$00000003
    rtexit2.o(.ARM.exidx) refers to rtexit2.o(.ARM.Collect$$rtexit$$00000004) for .ARM.Collect$$rtexit$$00000004
    argv_veneer.o(.emb_text) refers to no_argv.o(.text) for __ARM_get_argv
    sys_exit.o(.text) refers (Special) to use_no_semi.o(.text) for __I$use$semihosting
    sys_exit.o(.text) refers (Special) to indicate_semi.o(.text) for __semihosting_library_function
    sys_exit_hlt.o(.text) refers (Special) to use_no_semi.o(.text) for __I$use$semihosting
    sys_exit_hlt.o(.text) refers (Special) to indicate_semi.o(.text) for __semihosting_library_function
    _get_argv_nomalloc.o(.text) refers (Special) to hrguard.o(.text) for __heap_region$guard
    _get_argv_nomalloc.o(.text) refers to defsig_rtmem_outer.o(.text) for __rt_SIGRTMEM
    _get_argv_nomalloc.o(.text) refers to sys_command.o(.text) for _sys_command_string
    libshutdown.o(.ARM.Collect$$libshutdown$$00000000) refers (Special) to libshutdown2.o(.ARM.Collect$$libshutdown$$00000002) for __rt_lib_shutdown_cpp_1
    libshutdown.o(.ARM.Collect$$libshutdown$$00000000) refers (Special) to libshutdown2.o(.ARM.Collect$$libshutdown$$00000007) for __rt_lib_shutdown_fp_trap_1
    libshutdown.o(.ARM.Collect$$libshutdown$$00000000) refers (Special) to libshutdown2.o(.ARM.Collect$$libshutdown$$0000000F) for __rt_lib_shutdown_heap_1
    libshutdown.o(.ARM.Collect$$libshutdown$$00000000) refers (Special) to libshutdown2.o(.ARM.Collect$$libshutdown$$00000010) for __rt_lib_shutdown_return
    libshutdown.o(.ARM.Collect$$libshutdown$$00000000) refers (Special) to libshutdown2.o(.ARM.Collect$$libshutdown$$0000000A) for __rt_lib_shutdown_signal_1
    libshutdown.o(.ARM.Collect$$libshutdown$$00000000) refers (Special) to libshutdown2.o(.ARM.Collect$$libshutdown$$00000004) for __rt_lib_shutdown_stdio_1
    libshutdown.o(.ARM.Collect$$libshutdown$$00000000) refers (Special) to libshutdown2.o(.ARM.Collect$$libshutdown$$0000000C) for __rt_lib_shutdown_user_alloc_1
    sys_command.o(.text) refers (Special) to use_no_semi.o(.text) for __I$use$semihosting
    sys_command.o(.text) refers (Special) to indicate_semi.o(.text) for __semihosting_library_function
    sys_command_hlt.o(.text) refers (Special) to use_no_semi.o(.text) for __I$use$semihosting
    sys_command_hlt.o(.text) refers (Special) to indicate_semi.o(.text) for __semihosting_library_function
    defsig_rtmem_outer.o(.text) refers to defsig_rtmem_inner.o(.text) for __rt_SIGRTMEM_inner
    defsig_rtmem_outer.o(.text) refers to defsig_exit.o(.text) for __sig_exit
    defsig_rtmem_formal.o(.text) refers to rt_raise.o(.text) for __rt_raise
    rt_raise.o(.text) refers to __raise.o(.text) for __raise
    rt_raise.o(.text) refers to sys_exit.o(.text) for _sys_exit
    defsig_exit.o(.text) refers to sys_exit.o(.text) for _sys_exit
    defsig_rtmem_inner.o(.text) refers to defsig_general.o(.text) for __default_signal_display
    __raise.o(.text) refers to defsig.o(CL$$defsig) for __default_signal_handler
    defsig_general.o(.text) refers to sys_wrch.o(.text) for _ttywrch
    sys_wrch.o(.text) refers (Special) to use_no_semi.o(.text) for __I$use$semihosting
    sys_wrch.o(.text) refers (Special) to indicate_semi.o(.text) for __semihosting_library_function
    sys_wrch_hlt.o(.text) refers (Special) to use_no_semi.o(.text) for __I$use$semihosting
    sys_wrch_hlt.o(.text) refers (Special) to indicate_semi.o(.text) for __semihosting_library_function
    defsig.o(CL$$defsig) refers to defsig_rtmem_inner.o(.text) for __rt_SIGRTMEM_inner
    defsig_abrt_inner.o(.text) refers to defsig_general.o(.text) for __default_signal_display
    defsig_fpe_inner.o(.text) refers to defsig_general.o(.text) for __default_signal_display
    defsig_rtred_inner.o(.text) refers to defsig_general.o(.text) for __default_signal_display
    defsig_stak_inner.o(.text) refers to defsig_general.o(.text) for __default_signal_display
    defsig_pvfn_inner.o(.text) refers to defsig_general.o(.text) for __default_signal_display
    defsig_cppl_inner.o(.text) refers to defsig_general.o(.text) for __default_signal_display
    defsig_segv_inner.o(.text) refers to defsig_general.o(.text) for __default_signal_display
    defsig_other.o(.text) refers to defsig_general.o(.text) for __default_signal_display


==============================================================================

Removing Unused input sections from the image.

    Removing sample.o(.ARM.exidx), (8 bytes).
    Removing sample.o(.ARM.use_no_argv), (4 bytes).
    Removing system_lpc17xx.o(.ARM.exidx), (8 bytes).
    Removing irq_timer.o(.ARM.exidx), (16 bytes).
    Removing lib_timer.o(.ARM.exidx), (32 bytes).
    Removing asciilib.o(.ARM.exidx), (8 bytes).
    Removing glcd.o(.ARM.exidx), (104 bytes).
    Removing hzlib.o(.text), (36 bytes).
    Removing hzlib.o(.ARM.exidx), (8 bytes).
    Removing hzlib.o(.rodata.HzLib), (216576 bytes).
    Removing irq_rit.o(.ARM.exidx), (8 bytes).
    Removing irq_rit.o(.rodata.long_press_count_1), (4 bytes).
    Removing lib_rit.o(.ARM.exidx), (32 bytes).
    Removing funct_joystick.o(.text), (4 bytes).
    Removing funct_joystick.o(.ARM.exidx), (8 bytes).
    Removing lib_joystick.o(.ARM.exidx), (8 bytes).
    Removing irq_button.o(.ARM.exidx), (24 bytes).
    Removing lib_button.o(.ARM.exidx), (8 bytes).
    Removing funct_led.o(.text), (152 bytes).
    Removing funct_led.o(.ARM.exidx), (24 bytes).
    Removing funct_led.o(.rodata.led_mask), (32 bytes).
    Removing lib_led.o(.text), (70 bytes).
    Removing lib_led.o(.ARM.exidx), (16 bytes).
    Removing lib_led.o(.bss.led_value), (1 bytes).
    Removing game.o(.ARM.exidx), (240 bytes).

25 unused section(s) (total 217431 bytes) removed from the image.

==============================================================================

Image Symbol Table

    Local Symbols

    Symbol Name                              Value     Ov Type        Size  Object(Section)

    ../clib/angel/boardlib.s                 0x00000000   Number         0  boardinit1.o ABSOLUTE
    ../clib/angel/boardlib.s                 0x00000000   Number         0  boardinit2.o ABSOLUTE
    ../clib/angel/boardlib.s                 0x00000000   Number         0  boardinit3.o ABSOLUTE
    ../clib/angel/boardlib.s                 0x00000000   Number         0  boardshut.o ABSOLUTE
    ../clib/angel/handlers.s                 0x00000000   Number         0  __scatter_copy.o ABSOLUTE
    ../clib/angel/handlers.s                 0x00000000   Number         0  __scatter_zi.o ABSOLUTE
    ../clib/angel/kernel.s                   0x00000000   Number         0  __rtentry.o ABSOLUTE
    ../clib/angel/kernel.s                   0x00000000   Number         0  __rtentry2.o ABSOLUTE
    ../clib/angel/kernel.s                   0x00000000   Number         0  __rtentry4.o ABSOLUTE
    ../clib/angel/kernel.s                   0x00000000   Number         0  rtexit.o ABSOLUTE
    ../clib/angel/kernel.s                   0x00000000   Number         0  rtexit2.o ABSOLUTE
    ../clib/angel/rt.s                       0x00000000   Number         0  rt_raise.o ABSOLUTE
    ../clib/angel/scatter.s                  0x00000000   Number         0  __scatter.o ABSOLUTE
    ../clib/angel/startup.s                  0x00000000   Number         0  __main.o ABSOLUTE
    ../clib/angel/sys.s                      0x00000000   Number         0  sys_stackheap_outer.o ABSOLUTE
    ../clib/angel/sys.s                      0x00000000   Number         0  libspace.o ABSOLUTE
    ../clib/angel/sys.s                      0x00000000   Number         0  use_no_semi.o ABSOLUTE
    ../clib/angel/sys.s                      0x00000000   Number         0  indicate_semi.o ABSOLUTE
    ../clib/angel/sysapp.c                   0x00000000   Number         0  sys_exit.o ABSOLUTE
    ../clib/angel/sysapp.c                   0x00000000   Number         0  sys_exit_hlt.o ABSOLUTE
    ../clib/angel/sysapp.c                   0x00000000   Number         0  sys_command.o ABSOLUTE
    ../clib/angel/sysapp.c                   0x00000000   Number         0  sys_command_hlt.o ABSOLUTE
    ../clib/angel/sysapp.c                   0x00000000   Number         0  sys_wrch.o ABSOLUTE
    ../clib/angel/sysapp.c                   0x00000000   Number         0  sys_wrch_hlt.o ABSOLUTE
    ../clib/armsys.c                         0x00000000   Number         0  argv_veneer.o ABSOLUTE
    ../clib/armsys.c                         0x00000000   Number         0  argv_veneer.o ABSOLUTE
    ../clib/armsys.c                         0x00000000   Number         0  _get_argv_nomalloc.o ABSOLUTE
    ../clib/armsys.c                         0x00000000   Number         0  no_argv.o ABSOLUTE
    ../clib/heapalloc.c                      0x00000000   Number         0  hrguard.o ABSOLUTE
    ../clib/heapaux.c                        0x00000000   Number         0  heapauxi.o ABSOLUTE
    ../clib/libinit.s                        0x00000000   Number         0  libinit.o ABSOLUTE
    ../clib/libinit.s                        0x00000000   Number         0  libinit2.o ABSOLUTE
    ../clib/libinit.s                        0x00000000   Number         0  libshutdown.o ABSOLUTE
    ../clib/libinit.s                        0x00000000   Number         0  libshutdown2.o ABSOLUTE
    ../clib/memcpset.s                       0x00000000   Number         0  rt_memcpy_v6.o ABSOLUTE
    ../clib/memcpset.s                       0x00000000   Number         0  rt_memcpy_w.o ABSOLUTE
    ../clib/misc.s                           0x00000000   Number         0  printf_stubs.o ABSOLUTE
    ../clib/printf.c                         0x00000000   Number         0  __2sprintf.o ABSOLUTE
    ../clib/printf.c                         0x00000000   Number         0  noretval__2sprintf.o ABSOLUTE
    ../clib/printf.c                         0x00000000   Number         0  __printf.o ABSOLUTE
    ../clib/printf.c                         0x00000000   Number         0  _printf_pad.o ABSOLUTE
    ../clib/printf.c                         0x00000000   Number         0  _printf_dec.o ABSOLUTE
    ../clib/printf.c                         0x00000000   Number         0  __printf_flags.o ABSOLUTE
    ../clib/printf.c                         0x00000000   Number         0  __printf_ss.o ABSOLUTE
    ../clib/printf.c                         0x00000000   Number         0  __printf_flags_ss.o ABSOLUTE
    ../clib/printf.c                         0x00000000   Number         0  __printf_wp.o ABSOLUTE
    ../clib/printf.c                         0x00000000   Number         0  __printf_flags_wp.o ABSOLUTE
    ../clib/printf.c                         0x00000000   Number         0  __printf_ss_wp.o ABSOLUTE
    ../clib/printf.c                         0x00000000   Number         0  __printf_flags_ss_wp.o ABSOLUTE
    ../clib/printf.c                         0x00000000   Number         0  _printf_intcommon.o ABSOLUTE
    ../clib/printf.c                         0x00000000   Number         0  _printf_char_common.o ABSOLUTE
    ../clib/printf.c                         0x00000000   Number         0  _sputc.o ABSOLUTE
    ../clib/printf.c                         0x00000000   Number         0  __printf_nopercent.o ABSOLUTE
    ../clib/printf_percent.s                 0x00000000   Number         0  _printf_d.o ABSOLUTE
    ../clib/printf_percent.s                 0x00000000   Number         0  _printf_percent.o ABSOLUTE
    ../clib/printf_percent.s                 0x00000000   Number         0  _printf_percent_end.o ABSOLUTE
    ../clib/signal.c                         0x00000000   Number         0  defsig_rtmem_outer.o ABSOLUTE
    ../clib/signal.c                         0x00000000   Number         0  defsig_rtmem_formal.o ABSOLUTE
    ../clib/signal.c                         0x00000000   Number         0  defsig_exit.o ABSOLUTE
    ../clib/signal.c                         0x00000000   Number         0  defsig_rtmem_inner.o ABSOLUTE
    ../clib/signal.c                         0x00000000   Number         0  __raise.o ABSOLUTE
    ../clib/signal.c                         0x00000000   Number         0  defsig_general.o ABSOLUTE
    ../clib/signal.c                         0x00000000   Number         0  defsig_abrt_inner.o ABSOLUTE
    ../clib/signal.c                         0x00000000   Number         0  defsig_fpe_inner.o ABSOLUTE
    ../clib/signal.c                         0x00000000   Number         0  defsig_rtred_inner.o ABSOLUTE
    ../clib/signal.c                         0x00000000   Number         0  defsig_stak_inner.o ABSOLUTE
    ../clib/signal.c                         0x00000000   Number         0  defsig_pvfn_inner.o ABSOLUTE
    ../clib/signal.c                         0x00000000   Number         0  defsig_cppl_inner.o ABSOLUTE
    ../clib/signal.c                         0x00000000   Number         0  defsig_segv_inner.o ABSOLUTE
    ../clib/signal.c                         0x00000000   Number         0  defsig_other.o ABSOLUTE
    ../clib/signal.s                         0x00000000   Number         0  defsig.o ABSOLUTE
    ../clib/stdlib.c                         0x00000000   Number         0  exit.o ABSOLUTE
    ../fplib/fpinit.s                        0x00000000   Number         0  fpinit.o ABSOLUTE
    ../fplib/fpinit_empty.s                  0x00000000   Number         0  fpinit_empty.o ABSOLUTE
    AsciiLib.c                               0x00000000   Number         0  asciilib.o ABSOLUTE
    GLCD.c                                   0x00000000   Number         0  glcd.o ABSOLUTE
    HzLib.c                                  0x00000000   Number         0  hzlib.o ABSOLUTE
    IRQ_RIT.c                                0x00000000   Number         0  irq_rit.o ABSOLUTE
    IRQ_button.c                             0x00000000   Number         0  irq_button.o ABSOLUTE
    IRQ_timer.c                              0x00000000   Number         0  irq_timer.o ABSOLUTE
    Source\startup_LPC17xx.s                 0x00000000   Number         0  startup_lpc17xx.o ABSOLUTE
    dc.s                                     0x00000000   Number         0  dc.o ABSOLUTE
    funct_joystick.c                         0x00000000   Number         0  funct_joystick.o ABSOLUTE
    funct_led.c                              0x00000000   Number         0  funct_led.o ABSOLUTE
    game.c                                   0x00000000   Number         0  game.o ABSOLUTE
    lib_RIT.c                                0x00000000   Number         0  lib_rit.o ABSOLUTE
    lib_button.c                             0x00000000   Number         0  lib_button.o ABSOLUTE
    lib_joystick.c                           0x00000000   Number         0  lib_joystick.o ABSOLUTE
    lib_led.c                                0x00000000   Number         0  lib_led.o ABSOLUTE
    lib_timer.c                              0x00000000   Number         0  lib_timer.o ABSOLUTE
    sample.c                                 0x00000000   Number         0  sample.o ABSOLUTE
    system_LPC17xx.c                         0x00000000   Number         0  system_lpc17xx.o ABSOLUTE
    RESET                                    0x00000000   Section      204  startup_lpc17xx.o(RESET)
    !!!main                                  0x000000cc   Section        8  __main.o(!!!main)
    !!!scatter                               0x000000d4   Section       92  __scatter.o(!!!scatter)
    !!handler_copy                           0x00000130   Section       26  __scatter_copy.o(!!handler_copy)
    !!handler_null                           0x0000014c   Section        2  __scatter.o(!!handler_null)
    !!handler_zi                             0x00000150   Section       28  __scatter_zi.o(!!handler_zi)
    .ARM.Collect$$_printf_percent$$00000000  0x0000016c   Section        0  _printf_percent.o(.ARM.Collect$$_printf_percent$$00000000)
    .ARM.Collect$$_printf_percent$$00000009  0x0000016c   Section        6  _printf_d.o(.ARM.Collect$$_printf_percent$$00000009)
    .ARM.Collect$$_printf_percent$$00000017  0x00000172   Section        4  _printf_percent_end.o(.ARM.Collect$$_printf_percent$$00000017)
    .ARM.Collect$$libinit$$00000000          0x00000176   Section        2  libinit.o(.ARM.Collect$$libinit$$00000000)
    .ARM.Collect$$libinit$$00000002          0x00000178   Section        0  libinit2.o(.ARM.Collect$$libinit$$00000002)
    .ARM.Collect$$libinit$$00000004          0x00000178   Section        0  libinit2.o(.ARM.Collect$$libinit$$00000004)
    .ARM.Collect$$libinit$$00000006          0x00000178   Section        0  libinit2.o(.ARM.Collect$$libinit$$00000006)
    .ARM.Collect$$libinit$$0000000C          0x00000178   Section        0  libinit2.o(.ARM.Collect$$libinit$$0000000C)
    .ARM.Collect$$libinit$$0000000E          0x00000178   Section        0  libinit2.o(.ARM.Collect$$libinit$$0000000E)
    .ARM.Collect$$libinit$$00000010          0x00000178   Section        0  libinit2.o(.ARM.Collect$$libinit$$00000010)
    .ARM.Collect$$libinit$$00000013          0x00000178   Section        0  libinit2.o(.ARM.Collect$$libinit$$00000013)
    .ARM.Collect$$libinit$$00000015          0x00000178   Section        0  libinit2.o(.ARM.Collect$$libinit$$00000015)
    .ARM.Collect$$libinit$$00000017          0x00000178   Section        0  libinit2.o(.ARM.Collect$$libinit$$00000017)
    .ARM.Collect$$libinit$$00000019          0x00000178   Section        0  libinit2.o(.ARM.Collect$$libinit$$00000019)
    .ARM.Collect$$libinit$$0000001B          0x00000178   Section        0  libinit2.o(.ARM.Collect$$libinit$$0000001B)
    .ARM.Collect$$libinit$$0000001D          0x00000178   Section        0  libinit2.o(.ARM.Collect$$libinit$$0000001D)
    .ARM.Collect$$libinit$$0000001F          0x00000178   Section        0  libinit2.o(.ARM.Collect$$libinit$$0000001F)
    .ARM.Collect$$libinit$$00000021          0x00000178   Section        0  libinit2.o(.ARM.Collect$$libinit$$00000021)
    .ARM.Collect$$libinit$$00000023          0x00000178   Section        0  libinit2.o(.ARM.Collect$$libinit$$00000023)
    .ARM.Collect$$libinit$$00000025          0x00000178   Section        0  libinit2.o(.ARM.Collect$$libinit$$00000025)
    .ARM.Collect$$libinit$$00000027          0x00000178   Section        0  libinit2.o(.ARM.Collect$$libinit$$00000027)
    .ARM.Collect$$libinit$$0000002E          0x00000178   Section        0  libinit2.o(.ARM.Collect$$libinit$$0000002E)
    .ARM.Collect$$libinit$$00000030          0x00000178   Section        0  libinit2.o(.ARM.Collect$$libinit$$00000030)
    .ARM.Collect$$libinit$$00000032          0x00000178   Section        0  libinit2.o(.ARM.Collect$$libinit$$00000032)
    .ARM.Collect$$libinit$$00000034          0x00000178   Section        0  libinit2.o(.ARM.Collect$$libinit$$00000034)
    .ARM.Collect$$libinit$$00000035          0x00000178   Section        2  libinit2.o(.ARM.Collect$$libinit$$00000035)
    .ARM.Collect$$libshutdown$$00000000      0x0000017a   Section        2  libshutdown.o(.ARM.Collect$$libshutdown$$00000000)
    .ARM.Collect$$libshutdown$$00000002      0x0000017c   Section        0  libshutdown2.o(.ARM.Collect$$libshutdown$$00000002)
    .ARM.Collect$$libshutdown$$00000004      0x0000017c   Section        0  libshutdown2.o(.ARM.Collect$$libshutdown$$00000004)
    .ARM.Collect$$libshutdown$$00000007      0x0000017c   Section        0  libshutdown2.o(.ARM.Collect$$libshutdown$$00000007)
    .ARM.Collect$$libshutdown$$0000000A      0x0000017c   Section        0  libshutdown2.o(.ARM.Collect$$libshutdown$$0000000A)
    .ARM.Collect$$libshutdown$$0000000C      0x0000017c   Section        0  libshutdown2.o(.ARM.Collect$$libshutdown$$0000000C)
    .ARM.Collect$$libshutdown$$0000000F      0x0000017c   Section        0  libshutdown2.o(.ARM.Collect$$libshutdown$$0000000F)
    .ARM.Collect$$libshutdown$$00000010      0x0000017c   Section        2  libshutdown2.o(.ARM.Collect$$libshutdown$$00000010)
    .ARM.Collect$$rtentry$$00000000          0x0000017e   Section        0  __rtentry.o(.ARM.Collect$$rtentry$$00000000)
    .ARM.Collect$$rtentry$$00000002          0x0000017e   Section        0  __rtentry2.o(.ARM.Collect$$rtentry$$00000002)
    .ARM.Collect$$rtentry$$00000004          0x0000017e   Section        6  __rtentry4.o(.ARM.Collect$$rtentry$$00000004)
    .ARM.Collect$$rtentry$$00000009          0x00000184   Section        0  __rtentry2.o(.ARM.Collect$$rtentry$$00000009)
    .ARM.Collect$$rtentry$$0000000A          0x00000184   Section        4  __rtentry2.o(.ARM.Collect$$rtentry$$0000000A)
    .ARM.Collect$$rtentry$$0000000C          0x00000188   Section        0  __rtentry2.o(.ARM.Collect$$rtentry$$0000000C)
    .ARM.Collect$$rtentry$$0000000D          0x00000188   Section        8  __rtentry2.o(.ARM.Collect$$rtentry$$0000000D)
    .ARM.Collect$$rtexit$$00000000           0x00000190   Section        2  rtexit.o(.ARM.Collect$$rtexit$$00000000)
    .ARM.Collect$$rtexit$$00000002           0x00000192   Section        0  rtexit2.o(.ARM.Collect$$rtexit$$00000002)
    .ARM.Collect$$rtexit$$00000003           0x00000192   Section        4  rtexit2.o(.ARM.Collect$$rtexit$$00000003)
    .ARM.Collect$$rtexit$$00000004           0x00000196   Section        6  rtexit2.o(.ARM.Collect$$rtexit$$00000004)
    .text                                    0x0000019c   Section       52  startup_lpc17xx.o(.text)
    [Anonymous Symbol]                       0x000001d0   Section        0  sample.o(.text)
    [Anonymous Symbol]                       0x0000024c   Section        0  irq_timer.o(.text)
    [Anonymous Symbol]                       0x0000026c   Section        0  asciilib.o(.text)
    [Anonymous Symbol]                       0x00000298   Section        0  lib_joystick.o(.text)
    .text                                    0x000002fa   Section        2  use_no_semi.o(.text)
    .ARM.__at_0x02FC                         0x000002fc   Section        4  startup_lpc17xx.o(.ARM.__at_0x02FC)
    [Anonymous Symbol]                       0x00000300   Section        0  system_lpc17xx.o(.text)
    [Anonymous Symbol]                       0x00000430   Section        0  lib_timer.o(.text)
    [Anonymous Symbol]                       0x000004dc   Section        0  glcd.o(.text)
    LCD_Configuration                        0x000033e9   Thumb Code    32  glcd.o(.text)
    delay_ms                                 0x00003409   Thumb Code    82  glcd.o(.text)
    LCD_SetCursor                            0x00003c49   Thumb Code  1932  glcd.o(.text)
    LCD_BGR2RGB                              0x00004901   Thumb Code    72  glcd.o(.text)
    wait_delay                               0x00004e89   Thumb Code    22  glcd.o(.text)
    [Anonymous Symbol]                       0x00004ea0   Section        0  irq_rit.o(.text)
    [Anonymous Symbol]                       0x00005180   Section        0  lib_rit.o(.text)
    [Anonymous Symbol]                       0x000051fc   Section        0  irq_button.o(.text)
    [Anonymous Symbol]                       0x000052c8   Section        0  lib_button.o(.text)
    [Anonymous Symbol]                       0x00005344   Section        0  game.o(.text)
    .text                                    0x00006d10   Section        0  noretval__2sprintf.o(.text)
    .text                                    0x00006d38   Section        0  _printf_pad.o(.text)
    .text                                    0x00006d88   Section        0  _printf_dec.o(.text)
    .text                                    0x00006e00   Section        0  __printf_flags_wp.o(.text)
    .text                                    0x00006f38   Section        0  heapauxi.o(.text)
    .text                                    0x00006f3e   Section        0  _printf_intcommon.o(.text)
    _printf_input_char                       0x00006ff1   Thumb Code    10  _printf_char_common.o(.text)
    .text                                    0x00006ff0   Section        0  _printf_char_common.o(.text)
    .text                                    0x00007020   Section        0  _sputc.o(.text)
    .text                                    0x0000702a   Section       74  sys_stackheap_outer.o(.text)
    .text                                    0x00007074   Section        0  exit.o(.text)
    .text                                    0x00007088   Section        8  libspace.o(.text)
    .text                                    0x00007090   Section        0  sys_exit.o(.text)
    .text                                    0x0000709c   Section        0  indicate_semi.o(.text)
    i._is_digit                              0x0000709c   Section        0  __printf_wp.o(i._is_digit)
    maptable                                 0x000070aa   Data          17  __printf_flags_wp.o(.constdata)
    .constdata                               0x000070aa   Section       17  __printf_flags_wp.o(.constdata)
    AsciiLib                                 0x000070bb   Data        1520  asciilib.o(.rodata.AsciiLib)
    [Anonymous Symbol]                       0x000070bb   Section        0  asciilib.o(.rodata.AsciiLib)
    colors                                   0x000076ac   Data          14  game.o(.rodata.colors)
    [Anonymous Symbol]                       0x000076ac   Section        0  game.o(.rodata.colors)
    .L.str.2                                 0x000076ba   Data           2  game.o(.rodata.str1.1)
    [Anonymous Symbol]                       0x000076ba   Section        0  game.o(.rodata.str1.1)
    .L.str.4                                 0x000076bc   Data           5  game.o(.rodata.str1.1)
    .L.str.5                                 0x000076c1   Data           7  game.o(.rodata.str1.1)
    .L.str.1                                 0x000076c8   Data           6  game.o(.rodata.str1.1)
    tetrominoes                              0x000076ce   Data         448  game.o(.rodata.tetrominoes)
    [Anonymous Symbol]                       0x000076ce   Section        0  game.o(.rodata.tetrominoes)
    Stack_Mem                                0x10000000   Data        1024  startup_lpc17xx.o(STACK)
    STACK                                    0x10000000   Section     1024  startup_lpc17xx.o(STACK)
    __initial_sp                             0x10000400   Data           0  startup_lpc17xx.o(STACK)
    .bss                                     0x2007c008   Section       96  libspace.o(.bss)
    LCD_Code                                 0x2007c08c   Data           1  glcd.o(.bss.LCD_Code)
    [Anonymous Symbol]                       0x2007c08c   Section        0  glcd.o(.bss.LCD_Code)
    current_score                            0x2007c090   Data           4  game.o(.bss.current_score)
    [Anonymous Symbol]                       0x2007c090   Section        0  game.o(.bss.current_score)
    current_tetromino.0                      0x2007c094   Data           1  game.o(.bss.current_tetromino.0)
    [Anonymous Symbol]                       0x2007c094   Section        0  game.o(.bss.current_tetromino.0)
    current_tetromino.1                      0x2007c096   Data           1  game.o(.bss.current_tetromino.1)
    [Anonymous Symbol]                       0x2007c096   Section        0  game.o(.bss.current_tetromino.1)
    current_tetromino.2                      0x2007c098   Data           1  game.o(.bss.current_tetromino.2)
    [Anonymous Symbol]                       0x2007c098   Section        0  game.o(.bss.current_tetromino.2)
    current_tetromino.3                      0x2007c09a   Data           1  game.o(.bss.current_tetromino.3)
    [Anonymous Symbol]                       0x2007c09a   Section        0  game.o(.bss.current_tetromino.3)
    current_tetromino.4                      0x2007c09c   Data           1  game.o(.bss.current_tetromino.4)
    [Anonymous Symbol]                       0x2007c09c   Section        0  game.o(.bss.current_tetromino.4)
    current_tetromino.5                      0x2007c09e   Data           2  game.o(.bss.current_tetromino.5)
    [Anonymous Symbol]                       0x2007c09e   Section        0  game.o(.bss.current_tetromino.5)
    field                                    0x2007c0ac   Data         400  game.o(.bss.field)
    [Anonymous Symbol]                       0x2007c0ac   Section        0  game.o(.bss.field)
    game_running                             0x2007c23c   Data           1  game.o(.bss.game_running)
    [Anonymous Symbol]                       0x2007c23c   Section        0  game.o(.bss.game_running)
    game_started                             0x2007c23d   Data           1  game.o(.bss.game_started)
    [Anonymous Symbol]                       0x2007c23d   Section        0  game.o(.bss.game_started)
    hard_drop                                0x2007c23e   Data           1  game.o(.bss.hard_drop)
    [Anonymous Symbol]                       0x2007c23e   Section        0  game.o(.bss.hard_drop)
    high_score                               0x2007c240   Data           4  game.o(.bss.high_score)
    [Anonymous Symbol]                       0x2007c240   Section        0  game.o(.bss.high_score)
    move_left                                0x2007c244   Data           1  game.o(.bss.move_left)
    [Anonymous Symbol]                       0x2007c244   Section        0  game.o(.bss.move_left)
    move_right                               0x2007c245   Data           1  game.o(.bss.move_right)
    [Anonymous Symbol]                       0x2007c245   Section        0  game.o(.bss.move_right)
    paused_placed                            0x2007c246   Data           1  game.o(.bss.paused_placed)
    [Anonymous Symbol]                       0x2007c246   Section        0  game.o(.bss.paused_placed)
    rotate                                   0x2007c247   Data           1  game.o(.bss.rotate)
    [Anonymous Symbol]                       0x2007c247   Section        0  game.o(.bss.rotate)
    seed                                     0x2007c248   Data           4  game.o(.bss.seed)
    [Anonymous Symbol]                       0x2007c248   Section        0  game.o(.bss.seed)
    soft_drop                                0x2007c24c   Data           1  game.o(.bss.soft_drop)
    [Anonymous Symbol]                       0x2007c24c   Section        0  game.o(.bss.soft_drop)
    tickN                                    0x2007c24d   Data           1  game.o(.bss.tickN)
    [Anonymous Symbol]                       0x2007c24d   Section        0  game.o(.bss.tickN)
    toPlace                                  0x2007c24e   Data         400  game.o(.bss.toPlace)
    [Anonymous Symbol]                       0x2007c24e   Section        0  game.o(.bss.toPlace)
    toPlace_count                            0x2007c3de   Data           1  game.o(.bss.toPlace_count)
    [Anonymous Symbol]                       0x2007c3de   Section        0  game.o(.bss.toPlace_count)
    total_cleared_rows                       0x2007c3ec   Data           1  game.o(.bss.total_cleared_rows)
    [Anonymous Symbol]                       0x2007c3ec   Section        0  game.o(.bss.total_cleared_rows)
    Heap_Mem                                 0x2007c3f0   Data           0  startup_lpc17xx.o(HEAP)
    HEAP                                     0x2007c3f0   Section        0  startup_lpc17xx.o(HEAP)

    Global Symbols

    Symbol Name                              Value     Ov Type        Size  Object(Section)

    BuildAttributes$$THM_ISAv4$P$D$K$B$S$PE$A:L22UL41UL21$X:L11$S22US41US21$IEEE1$IW$~IW$USESV6$~STKCKD$USESV7$~SHL$OTIME$ROPI$EBA8$UX$STANDARDLIB$REQ8$PRES8$EABIv2 0x00000000   Number         0  anon$$obj.o ABSOLUTE
    __Vectors                                0x00000000   Data           4  startup_lpc17xx.o(RESET)
    __fp_init_empty                          0x00000000   Number         0  fpinit_empty.o ABSOLUTE
    _printf_flags                            0x00000000   Number         0  printf_stubs.o ABSOLUTE
    _printf_return_value                     0x00000000   Number         0  printf_stubs.o ABSOLUTE
    _printf_sizespec                         0x00000000   Number         0  printf_stubs.o ABSOLUTE
    _printf_widthprec                        0x00000000   Number         0  printf_stubs.o ABSOLUTE
    __ARM_exceptions_init                     - Undefined Weak Reference
    __alloca_initialize                       - Undefined Weak Reference
    __arm_preinit_                            - Undefined Weak Reference
    __arm_relocate_pie_                       - Undefined Weak Reference
    __cpp_initialize__aeabi_                  - Undefined Weak Reference
    __cxa_finalize                            - Undefined Weak Reference
    __rt_locale                               - Undefined Weak Reference
    __sigvec_lookup                           - Undefined Weak Reference
    _atexit_init                              - Undefined Weak Reference
    _call_atexit_fns                          - Undefined Weak Reference
    _clock_init                               - Undefined Weak Reference
    _fp_trap_init                             - Undefined Weak Reference
    _fp_trap_shutdown                         - Undefined Weak Reference
    _get_lc_collate                           - Undefined Weak Reference
    _get_lc_ctype                             - Undefined Weak Reference
    _get_lc_monetary                          - Undefined Weak Reference
    _get_lc_numeric                           - Undefined Weak Reference
    _get_lc_time                              - Undefined Weak Reference
    _getenv_init                              - Undefined Weak Reference
    _handle_redirection                       - Undefined Weak Reference
    _init_alloc                               - Undefined Weak Reference
    _init_user_alloc                          - Undefined Weak Reference
    _initio                                   - Undefined Weak Reference
    _printf_truncate_signed                   - Undefined Weak Reference
    _printf_truncate_unsigned                 - Undefined Weak Reference
    _rand_init                                - Undefined Weak Reference
    _signal_finish                            - Undefined Weak Reference
    _signal_init                              - Undefined Weak Reference
    _terminate_alloc                          - Undefined Weak Reference
    _terminate_user_alloc                     - Undefined Weak Reference
    _terminateio                              - Undefined Weak Reference
    __main                                   0x000000cd   Thumb Code     8  __main.o(!!!main)
    __scatterload                            0x000000d5   Thumb Code     0  __scatter.o(!!!scatter)
    __scatterload_rt2                        0x000000d5   Thumb Code    84  __scatter.o(!!!scatter)
    __scatterload_rt2_thumb_only             0x000000d5   Thumb Code     0  __scatter.o(!!!scatter)
    __scatterload_loop                       0x000000df   Thumb Code     0  __scatter.o(!!!scatter)
    __scatterload_copy                       0x00000131   Thumb Code    26  __scatter_copy.o(!!handler_copy)
    __scatterload_null                       0x0000014d   Thumb Code     2  __scatter.o(!!handler_null)
    __scatterload_zeroinit                   0x00000151   Thumb Code    28  __scatter_zi.o(!!handler_zi)
    _printf_d                                0x0000016d   Thumb Code     0  _printf_d.o(.ARM.Collect$$_printf_percent$$00000009)
    _printf_percent                          0x0000016d   Thumb Code     0  _printf_percent.o(.ARM.Collect$$_printf_percent$$00000000)
    _printf_percent_end                      0x00000173   Thumb Code     0  _printf_percent_end.o(.ARM.Collect$$_printf_percent$$00000017)
    __rt_lib_init                            0x00000177   Thumb Code     0  libinit.o(.ARM.Collect$$libinit$$00000000)
    __rt_lib_init_alloca_1                   0x00000179   Thumb Code     0  libinit2.o(.ARM.Collect$$libinit$$00000030)
    __rt_lib_init_argv_1                     0x00000179   Thumb Code     0  libinit2.o(.ARM.Collect$$libinit$$0000002E)
    __rt_lib_init_atexit_1                   0x00000179   Thumb Code     0  libinit2.o(.ARM.Collect$$libinit$$0000001D)
    __rt_lib_init_clock_1                    0x00000179   Thumb Code     0  libinit2.o(.ARM.Collect$$libinit$$00000023)
    __rt_lib_init_cpp_1                      0x00000179   Thumb Code     0  libinit2.o(.ARM.Collect$$libinit$$00000034)
    __rt_lib_init_exceptions_1               0x00000179   Thumb Code     0  libinit2.o(.ARM.Collect$$libinit$$00000032)
    __rt_lib_init_fp_1                       0x00000179   Thumb Code     0  libinit2.o(.ARM.Collect$$libinit$$00000002)
    __rt_lib_init_fp_trap_1                  0x00000179   Thumb Code     0  libinit2.o(.ARM.Collect$$libinit$$00000021)
    __rt_lib_init_getenv_1                   0x00000179   Thumb Code     0  libinit2.o(.ARM.Collect$$libinit$$00000025)
    __rt_lib_init_heap_1                     0x00000179   Thumb Code     0  libinit2.o(.ARM.Collect$$libinit$$0000000C)
    __rt_lib_init_lc_collate_1               0x00000179   Thumb Code     0  libinit2.o(.ARM.Collect$$libinit$$00000013)
    __rt_lib_init_lc_ctype_1                 0x00000179   Thumb Code     0  libinit2.o(.ARM.Collect$$libinit$$00000015)
    __rt_lib_init_lc_monetary_1              0x00000179   Thumb Code     0  libinit2.o(.ARM.Collect$$libinit$$00000017)
    __rt_lib_init_lc_numeric_1               0x00000179   Thumb Code     0  libinit2.o(.ARM.Collect$$libinit$$00000019)
    __rt_lib_init_lc_time_1                  0x00000179   Thumb Code     0  libinit2.o(.ARM.Collect$$libinit$$0000001B)
    __rt_lib_init_preinit_1                  0x00000179   Thumb Code     0  libinit2.o(.ARM.Collect$$libinit$$00000006)
    __rt_lib_init_rand_1                     0x00000179   Thumb Code     0  libinit2.o(.ARM.Collect$$libinit$$00000010)
    __rt_lib_init_relocate_pie_1             0x00000179   Thumb Code     0  libinit2.o(.ARM.Collect$$libinit$$00000004)
    __rt_lib_init_return                     0x00000179   Thumb Code     0  libinit2.o(.ARM.Collect$$libinit$$00000035)
    __rt_lib_init_signal_1                   0x00000179   Thumb Code     0  libinit2.o(.ARM.Collect$$libinit$$0000001F)
    __rt_lib_init_stdio_1                    0x00000179   Thumb Code     0  libinit2.o(.ARM.Collect$$libinit$$00000027)
    __rt_lib_init_user_alloc_1               0x00000179   Thumb Code     0  libinit2.o(.ARM.Collect$$libinit$$0000000E)
    __rt_lib_shutdown                        0x0000017b   Thumb Code     0  libshutdown.o(.ARM.Collect$$libshutdown$$00000000)
    __rt_lib_shutdown_cpp_1                  0x0000017d   Thumb Code     0  libshutdown2.o(.ARM.Collect$$libshutdown$$00000002)
    __rt_lib_shutdown_fp_trap_1              0x0000017d   Thumb Code     0  libshutdown2.o(.ARM.Collect$$libshutdown$$00000007)
    __rt_lib_shutdown_heap_1                 0x0000017d   Thumb Code     0  libshutdown2.o(.ARM.Collect$$libshutdown$$0000000F)
    __rt_lib_shutdown_return                 0x0000017d   Thumb Code     0  libshutdown2.o(.ARM.Collect$$libshutdown$$00000010)
    __rt_lib_shutdown_signal_1               0x0000017d   Thumb Code     0  libshutdown2.o(.ARM.Collect$$libshutdown$$0000000A)
    __rt_lib_shutdown_stdio_1                0x0000017d   Thumb Code     0  libshutdown2.o(.ARM.Collect$$libshutdown$$00000004)
    __rt_lib_shutdown_user_alloc_1           0x0000017d   Thumb Code     0  libshutdown2.o(.ARM.Collect$$libshutdown$$0000000C)
    __rt_entry                               0x0000017f   Thumb Code     0  __rtentry.o(.ARM.Collect$$rtentry$$00000000)
    __rt_entry_presh_1                       0x0000017f   Thumb Code     0  __rtentry2.o(.ARM.Collect$$rtentry$$00000002)
    __rt_entry_sh                            0x0000017f   Thumb Code     0  __rtentry4.o(.ARM.Collect$$rtentry$$00000004)
    __rt_entry_li                            0x00000185   Thumb Code     0  __rtentry2.o(.ARM.Collect$$rtentry$$0000000A)
    __rt_entry_postsh_1                      0x00000185   Thumb Code     0  __rtentry2.o(.ARM.Collect$$rtentry$$00000009)
    __rt_entry_main                          0x00000189   Thumb Code     0  __rtentry2.o(.ARM.Collect$$rtentry$$0000000D)
    __rt_entry_postli_1                      0x00000189   Thumb Code     0  __rtentry2.o(.ARM.Collect$$rtentry$$0000000C)
    __rt_exit                                0x00000191   Thumb Code     0  rtexit.o(.ARM.Collect$$rtexit$$00000000)
    __rt_exit_ls                             0x00000193   Thumb Code     0  rtexit2.o(.ARM.Collect$$rtexit$$00000003)
    __rt_exit_prels_1                        0x00000193   Thumb Code     0  rtexit2.o(.ARM.Collect$$rtexit$$00000002)
    __rt_exit_exit                           0x00000197   Thumb Code     0  rtexit2.o(.ARM.Collect$$rtexit$$00000004)
    Reset_Handler                            0x0000019d   Thumb Code     4  startup_lpc17xx.o(.text)
    NMI_Handler                              0x000001a1   Thumb Code     2  startup_lpc17xx.o(.text)
    HardFault_Handler                        0x000001a3   Thumb Code     2  startup_lpc17xx.o(.text)
    MemManage_Handler                        0x000001a5   Thumb Code     2  startup_lpc17xx.o(.text)
    BusFault_Handler                         0x000001a7   Thumb Code     2  startup_lpc17xx.o(.text)
    UsageFault_Handler                       0x000001a9   Thumb Code     2  startup_lpc17xx.o(.text)
    SVC_Handler                              0x000001ab   Thumb Code     2  startup_lpc17xx.o(.text)
    DebugMon_Handler                         0x000001ad   Thumb Code     2  startup_lpc17xx.o(.text)
    PendSV_Handler                           0x000001af   Thumb Code     2  startup_lpc17xx.o(.text)
    SysTick_Handler                          0x000001b1   Thumb Code     2  startup_lpc17xx.o(.text)
    ADC_IRQHandler                           0x000001b3   Thumb Code     0  startup_lpc17xx.o(.text)
    BOD_IRQHandler                           0x000001b3   Thumb Code     0  startup_lpc17xx.o(.text)
    CANActivity_IRQHandler                   0x000001b3   Thumb Code     0  startup_lpc17xx.o(.text)
    CAN_IRQHandler                           0x000001b3   Thumb Code     0  startup_lpc17xx.o(.text)
    DMA_IRQHandler                           0x000001b3   Thumb Code     0  startup_lpc17xx.o(.text)
    EINT3_IRQHandler                         0x000001b3   Thumb Code     0  startup_lpc17xx.o(.text)
    ENET_IRQHandler                          0x000001b3   Thumb Code     0  startup_lpc17xx.o(.text)
    I2C0_IRQHandler                          0x000001b3   Thumb Code     0  startup_lpc17xx.o(.text)
    I2C1_IRQHandler                          0x000001b3   Thumb Code     0  startup_lpc17xx.o(.text)
    I2C2_IRQHandler                          0x000001b3   Thumb Code     0  startup_lpc17xx.o(.text)
    I2S_IRQHandler                           0x000001b3   Thumb Code     0  startup_lpc17xx.o(.text)
    MCPWM_IRQHandler                         0x000001b3   Thumb Code     0  startup_lpc17xx.o(.text)
    PLL0_IRQHandler                          0x000001b3   Thumb Code     0  startup_lpc17xx.o(.text)
    PLL1_IRQHandler                          0x000001b3   Thumb Code     0  startup_lpc17xx.o(.text)
    PWM1_IRQHandler                          0x000001b3   Thumb Code     0  startup_lpc17xx.o(.text)
    QEI_IRQHandler                           0x000001b3   Thumb Code     0  startup_lpc17xx.o(.text)
    RTC_IRQHandler                           0x000001b3   Thumb Code     0  startup_lpc17xx.o(.text)
    SPI_IRQHandler                           0x000001b3   Thumb Code     0  startup_lpc17xx.o(.text)
    SSP0_IRQHandler                          0x000001b3   Thumb Code     0  startup_lpc17xx.o(.text)
    SSP1_IRQHandler                          0x000001b3   Thumb Code     0  startup_lpc17xx.o(.text)
    TIMER2_IRQHandler                        0x000001b3   Thumb Code     0  startup_lpc17xx.o(.text)
    TIMER3_IRQHandler                        0x000001b3   Thumb Code     0  startup_lpc17xx.o(.text)
    UART0_IRQHandler                         0x000001b3   Thumb Code     0  startup_lpc17xx.o(.text)
    UART1_IRQHandler                         0x000001b3   Thumb Code     0  startup_lpc17xx.o(.text)
    UART2_IRQHandler                         0x000001b3   Thumb Code     0  startup_lpc17xx.o(.text)
    UART3_IRQHandler                         0x000001b3   Thumb Code     0  startup_lpc17xx.o(.text)
    USBActivity_IRQHandler                   0x000001b3   Thumb Code     0  startup_lpc17xx.o(.text)
    USB_IRQHandler                           0x000001b3   Thumb Code     0  startup_lpc17xx.o(.text)
    WDT_IRQHandler                           0x000001b3   Thumb Code     0  startup_lpc17xx.o(.text)
    __user_initial_stackheap                 0x000001b5   Thumb Code     0  startup_lpc17xx.o(.text)
    main                                     0x000001d1   Thumb Code   124  sample.o(.text)
    TIMER0_IRQHandler                        0x0000024d   Thumb Code    10  irq_timer.o(.text)
    TIMER1_IRQHandler                        0x00000259   Thumb Code    20  irq_timer.o(.text)
    GetASCIICode                             0x0000026d   Thumb Code    42  asciilib.o(.text)
    joystick_init                            0x00000299   Thumb Code    98  lib_joystick.o(.text)
    __I$use$semihosting                      0x000002fb   Thumb Code     0  use_no_semi.o(.text)
    __use_no_semihosting_swi                 0x000002fb   Thumb Code     2  use_no_semi.o(.text)
    SystemInit                               0x00000301   Thumb Code   288  system_lpc17xx.o(.text)
    enable_timer                             0x00000431   Thumb Code    32  lib_timer.o(.text)
    disable_timer                            0x00000451   Thumb Code    32  lib_timer.o(.text)
    reset_timer                              0x00000471   Thumb Code    34  lib_timer.o(.text)
    init_timer                               0x00000495   Thumb Code    72  lib_timer.o(.text)
    LCD_Initialization                       0x000004dd   Thumb Code 12042  glcd.o(.text)
    LCD_Clear                                0x0000345d   Thumb Code  2028  glcd.o(.text)
    LCD_GetPoint                             0x000043d5   Thumb Code  1324  glcd.o(.text)
    LCD_SetPoint                             0x00004949   Thumb Code   320  glcd.o(.text)
    LCD_DrawLine                             0x00004a89   Thumb Code   546  glcd.o(.text)
    PutChar                                  0x00004cad   Thumb Code   210  glcd.o(.text)
    GUI_Text                                 0x00004d81   Thumb Code   152  glcd.o(.text)
    set_block                                0x00004e19   Thumb Code   112  glcd.o(.text)
    RIT_IRQHandler                           0x00004ea1   Thumb Code   734  irq_rit.o(.text)
    enable_RIT                               0x00005181   Thumb Code    16  lib_rit.o(.text)
    disable_RIT                              0x00005191   Thumb Code    16  lib_rit.o(.text)
    reset_RIT                                0x000051a1   Thumb Code    12  lib_rit.o(.text)
    init_RIT                                 0x000051ad   Thumb Code    80  lib_rit.o(.text)
    EINT0_IRQHandler                         0x000051fd   Thumb Code    68  irq_button.o(.text)
    EINT1_IRQHandler                         0x00005241   Thumb Code    68  irq_button.o(.text)
    EINT2_IRQHandler                         0x00005285   Thumb Code    68  irq_button.o(.text)
    BUTTON_init                              0x000052c9   Thumb Code   124  lib_button.o(.text)
    mark_toPlace                             0x00005345   Thumb Code    46  game.o(.text)
    field_setBlock                           0x00005375   Thumb Code    80  game.o(.text)
    field_reset                              0x000053c5   Thumb Code   110  game.o(.text)
    collisionDetection                       0x00005435   Thumb Code   186  game.o(.text)
    field_update                             0x000054f1   Thumb Code   150  game.o(.text)
    field_init                               0x00005589   Thumb Code   116  game.o(.text)
    placeTetromino                           0x000055fd   Thumb Code   398  game.o(.text)
    generate_idx                             0x0000578d   Thumb Code    40  game.o(.text)
    placeRandomTetromino                     0x000057b5   Thumb Code   106  game.o(.text)
    deleteCurrentTetromino                   0x00005821   Thumb Code   198  game.o(.text)
    dropCurrentTetromino                     0x000058e9   Thumb Code   366  game.o(.text)
    hardDropCurrentTetromino                 0x00005a59   Thumb Code   544  game.o(.text)
    rotateCurrentTetromino                   0x00005c79   Thumb Code   542  game.o(.text)
    moveCurrentTetrominoRight                0x00005e99   Thumb Code   506  game.o(.text)
    moveCurrentTetrominoLeft                 0x00006095   Thumb Code   486  game.o(.text)
    clearRow                                 0x0000627d   Thumb Code   318  game.o(.text)
    clearDetection                           0x000063bd   Thumb Code    92  game.o(.text)
    scoreboard_init                          0x00006419   Thumb Code   140  game.o(.text)
    scoreboard_update                        0x000064b5   Thumb Code   134  game.o(.text)
    request_hardDrop                         0x0000653d   Thumb Code    14  game.o(.text)
    request_moveRight                        0x0000654d   Thumb Code    14  game.o(.text)
    request_moveLeft                         0x0000655d   Thumb Code    14  game.o(.text)
    request_rotate                           0x0000656d   Thumb Code    14  game.o(.text)
    set_softDrop                             0x0000657d   Thumb Code    14  game.o(.text)
    unset_softDrop                           0x0000658d   Thumb Code    14  game.o(.text)
    start_game                               0x0000659d   Thumb Code   140  game.o(.text)
    toggle_running                           0x00006629   Thumb Code   172  game.o(.text)
    reset_game                               0x000066d5   Thumb Code   386  game.o(.text)
    gameEndDetection                         0x00006859   Thumb Code    20  game.o(.text)
    advance_game                             0x0000686d   Thumb Code  1188  game.o(.text)
    __2sprintf                               0x00006d11   Thumb Code    34  noretval__2sprintf.o(.text)
    _printf_pre_padding                      0x00006d39   Thumb Code    44  _printf_pad.o(.text)
    _printf_post_padding                     0x00006d65   Thumb Code    34  _printf_pad.o(.text)
    _printf_int_dec                          0x00006d89   Thumb Code   104  _printf_dec.o(.text)
    __printf                                 0x00006e01   Thumb Code   308  __printf_flags_wp.o(.text)
    __use_two_region_memory                  0x00006f39   Thumb Code     2  heapauxi.o(.text)
    __rt_heap_escrow$2region                 0x00006f3b   Thumb Code     2  heapauxi.o(.text)
    __rt_heap_expand$2region                 0x00006f3d   Thumb Code     2  heapauxi.o(.text)
    _printf_int_common                       0x00006f3f   Thumb Code   178  _printf_intcommon.o(.text)
    _printf_char_common                      0x00006ffb   Thumb Code    32  _printf_char_common.o(.text)
    _sputc                                   0x00007021   Thumb Code    10  _sputc.o(.text)
    __user_setup_stackheap                   0x0000702b   Thumb Code    74  sys_stackheap_outer.o(.text)
    exit                                     0x00007075   Thumb Code    18  exit.o(.text)
    __user_libspace                          0x00007089   Thumb Code     8  libspace.o(.text)
    __user_perproc_libspace                  0x00007089   Thumb Code     0  libspace.o(.text)
    __user_perthread_libspace                0x00007089   Thumb Code     0  libspace.o(.text)
    _sys_exit                                0x00007091   Thumb Code     8  sys_exit.o(.text)
    __semihosting_library_function           0x0000709d   Thumb Code     0  indicate_semi.o(.text)
    _is_digit                                0x0000709d   Thumb Code    14  __printf_wp.o(i._is_digit)
    Region$$Table$$Base                      0x00007890   Number         0  anon$$obj.o(Region$$Table)
    Region$$Table$$Limit                     0x000078c0   Number         0  anon$$obj.o(Region$$Table)
    SystemFrequency                          0x2007c000   Data           4  system_lpc17xx.o(.data.SystemFrequency)
    __libspace_start                         0x2007c008   Data          96  libspace.o(.bss)
    J_click                                  0x2007c068   Data           4  irq_rit.o(.bss.J_click)
    __temporary_stack_top$libspace           0x2007c068   Data           0  libspace.o(.bss)
    J_down                                   0x2007c06c   Data           4  irq_rit.o(.bss.J_down)
    J_down_left                              0x2007c070   Data           4  irq_rit.o(.bss.J_down_left)
    J_down_right                             0x2007c074   Data           4  irq_rit.o(.bss.J_down_right)
    J_left                                   0x2007c078   Data           4  irq_rit.o(.bss.J_left)
    J_right                                  0x2007c07c   Data           4  irq_rit.o(.bss.J_right)
    J_up                                     0x2007c080   Data           4  irq_rit.o(.bss.J_up)
    J_up_left                                0x2007c084   Data           4  irq_rit.o(.bss.J_up_left)
    J_up_right                               0x2007c088   Data           4  irq_rit.o(.bss.J_up_right)
    down_0                                   0x2007c0a0   Data           4  irq_rit.o(.bss.down_0)
    down_1                                   0x2007c0a4   Data           4  irq_rit.o(.bss.down_1)
    down_2                                   0x2007c0a8   Data           4  irq_rit.o(.bss.down_2)
    toRelease_down_0                         0x2007c3e0   Data           4  irq_rit.o(.bss.toRelease_down_0)
    toRelease_down_1                         0x2007c3e4   Data           4  irq_rit.o(.bss.toRelease_down_1)
    toRelease_down_2                         0x2007c3e8   Data           4  irq_rit.o(.bss.toRelease_down_2)



==============================================================================

Memory Map of the image

  Image Entry point : 0x000000cd

  Load Region LR_IROM1 (Base: 0x00000000, Size: 0x000078c8, Max: 0x00080000, ABSOLUTE)

    Execution Region ER_IROM1 (Exec base: 0x00000000, Load base: 0x00000000, Size: 0x000078c0, Max: 0x00080000, ABSOLUTE)

    Exec Addr    Load Addr    Size         Type   Attr      Idx    E Section Name        Object

    0x00000000   0x00000000   0x000000cc   Data   RO            3    RESET               startup_lpc17xx.o
    0x000000cc   0x000000cc   0x00000008   Code   RO          219  * !!!main             c_w.l(__main.o)
    0x000000d4   0x000000d4   0x0000005c   Code   RO          395    !!!scatter          c_w.l(__scatter.o)
    0x00000130   0x00000130   0x0000001a   Code   RO          399    !!handler_copy      c_w.l(__scatter_copy.o)
    0x0000014a   0x0000014a   0x00000002   PAD
    0x0000014c   0x0000014c   0x00000002   Code   RO          396    !!handler_null      c_w.l(__scatter.o)
    0x0000014e   0x0000014e   0x00000002   PAD
    0x00000150   0x00000150   0x0000001c   Code   RO          401    !!handler_zi        c_w.l(__scatter_zi.o)
    0x0000016c   0x0000016c   0x00000000   Code   RO          214    .ARM.Collect$$_printf_percent$$00000000  c_w.l(_printf_percent.o)
    0x0000016c   0x0000016c   0x00000006   Code   RO          213    .ARM.Collect$$_printf_percent$$00000009  c_w.l(_printf_d.o)
    0x00000172   0x00000172   0x00000004   Code   RO          228    .ARM.Collect$$_printf_percent$$00000017  c_w.l(_printf_percent_end.o)
    0x00000176   0x00000176   0x00000002   Code   RO          257    .ARM.Collect$$libinit$$00000000  c_w.l(libinit.o)
    0x00000178   0x00000178   0x00000000   Code   RO          264    .ARM.Collect$$libinit$$00000002  c_w.l(libinit2.o)
    0x00000178   0x00000178   0x00000000   Code   RO          266    .ARM.Collect$$libinit$$00000004  c_w.l(libinit2.o)
    0x00000178   0x00000178   0x00000000   Code   RO          268    .ARM.Collect$$libinit$$00000006  c_w.l(libinit2.o)
    0x00000178   0x00000178   0x00000000   Code   RO          271    .ARM.Collect$$libinit$$0000000C  c_w.l(libinit2.o)
    0x00000178   0x00000178   0x00000000   Code   RO          273    .ARM.Collect$$libinit$$0000000E  c_w.l(libinit2.o)
    0x00000178   0x00000178   0x00000000   Code   RO          275    .ARM.Collect$$libinit$$00000010  c_w.l(libinit2.o)
    0x00000178   0x00000178   0x00000000   Code   RO          278    .ARM.Collect$$libinit$$00000013  c_w.l(libinit2.o)
    0x00000178   0x00000178   0x00000000   Code   RO          280    .ARM.Collect$$libinit$$00000015  c_w.l(libinit2.o)
    0x00000178   0x00000178   0x00000000   Code   RO          282    .ARM.Collect$$libinit$$00000017  c_w.l(libinit2.o)
    0x00000178   0x00000178   0x00000000   Code   RO          284    .ARM.Collect$$libinit$$00000019  c_w.l(libinit2.o)
    0x00000178   0x00000178   0x00000000   Code   RO          286    .ARM.Collect$$libinit$$0000001B  c_w.l(libinit2.o)
    0x00000178   0x00000178   0x00000000   Code   RO          288    .ARM.Collect$$libinit$$0000001D  c_w.l(libinit2.o)
    0x00000178   0x00000178   0x00000000   Code   RO          290    .ARM.Collect$$libinit$$0000001F  c_w.l(libinit2.o)
    0x00000178   0x00000178   0x00000000   Code   RO          292    .ARM.Collect$$libinit$$00000021  c_w.l(libinit2.o)
    0x00000178   0x00000178   0x00000000   Code   RO          294    .ARM.Collect$$libinit$$00000023  c_w.l(libinit2.o)
    0x00000178   0x00000178   0x00000000   Code   RO          296    .ARM.Collect$$libinit$$00000025  c_w.l(libinit2.o)
    0x00000178   0x00000178   0x00000000   Code   RO          298    .ARM.Collect$$libinit$$00000027  c_w.l(libinit2.o)
    0x00000178   0x00000178   0x00000000   Code   RO          302    .ARM.Collect$$libinit$$0000002E  c_w.l(libinit2.o)
    0x00000178   0x00000178   0x00000000   Code   RO          304    .ARM.Collect$$libinit$$00000030  c_w.l(libinit2.o)
    0x00000178   0x00000178   0x00000000   Code   RO          306    .ARM.Collect$$libinit$$00000032  c_w.l(libinit2.o)
    0x00000178   0x00000178   0x00000000   Code   RO          308    .ARM.Collect$$libinit$$00000034  c_w.l(libinit2.o)
    0x00000178   0x00000178   0x00000002   Code   RO          309    .ARM.Collect$$libinit$$00000035  c_w.l(libinit2.o)
    0x0000017a   0x0000017a   0x00000002   Code   RO          331    .ARM.Collect$$libshutdown$$00000000  c_w.l(libshutdown.o)
    0x0000017c   0x0000017c   0x00000000   Code   RO          346    .ARM.Collect$$libshutdown$$00000002  c_w.l(libshutdown2.o)
    0x0000017c   0x0000017c   0x00000000   Code   RO          348    .ARM.Collect$$libshutdown$$00000004  c_w.l(libshutdown2.o)
    0x0000017c   0x0000017c   0x00000000   Code   RO          351    .ARM.Collect$$libshutdown$$00000007  c_w.l(libshutdown2.o)
    0x0000017c   0x0000017c   0x00000000   Code   RO          354    .ARM.Collect$$libshutdown$$0000000A  c_w.l(libshutdown2.o)
    0x0000017c   0x0000017c   0x00000000   Code   RO          356    .ARM.Collect$$libshutdown$$0000000C  c_w.l(libshutdown2.o)
    0x0000017c   0x0000017c   0x00000000   Code   RO          359    .ARM.Collect$$libshutdown$$0000000F  c_w.l(libshutdown2.o)
    0x0000017c   0x0000017c   0x00000002   Code   RO          360    .ARM.Collect$$libshutdown$$00000010  c_w.l(libshutdown2.o)
    0x0000017e   0x0000017e   0x00000000   Code   RO          221    .ARM.Collect$$rtentry$$00000000  c_w.l(__rtentry.o)
    0x0000017e   0x0000017e   0x00000000   Code   RO          232    .ARM.Collect$$rtentry$$00000002  c_w.l(__rtentry2.o)
    0x0000017e   0x0000017e   0x00000006   Code   RO          244    .ARM.Collect$$rtentry$$00000004  c_w.l(__rtentry4.o)
    0x00000184   0x00000184   0x00000000   Code   RO          234    .ARM.Collect$$rtentry$$00000009  c_w.l(__rtentry2.o)
    0x00000184   0x00000184   0x00000004   Code   RO          235    .ARM.Collect$$rtentry$$0000000A  c_w.l(__rtentry2.o)
    0x00000188   0x00000188   0x00000000   Code   RO          237    .ARM.Collect$$rtentry$$0000000C  c_w.l(__rtentry2.o)
    0x00000188   0x00000188   0x00000008   Code   RO          238    .ARM.Collect$$rtentry$$0000000D  c_w.l(__rtentry2.o)
    0x00000190   0x00000190   0x00000002   Code   RO          261    .ARM.Collect$$rtexit$$00000000  c_w.l(rtexit.o)
    0x00000192   0x00000192   0x00000000   Code   RO          311    .ARM.Collect$$rtexit$$00000002  c_w.l(rtexit2.o)
    0x00000192   0x00000192   0x00000004   Code   RO          312    .ARM.Collect$$rtexit$$00000003  c_w.l(rtexit2.o)
    0x00000196   0x00000196   0x00000006   Code   RO          313    .ARM.Collect$$rtexit$$00000004  c_w.l(rtexit2.o)
    0x0000019c   0x0000019c   0x00000034   Code   RO            5    .text               startup_lpc17xx.o
    0x000001d0   0x000001d0   0x0000007c   Code   RO           13    .text               sample.o
    0x0000024c   0x0000024c   0x00000020   Code   RO           29    .text               irq_timer.o
    0x0000026c   0x0000026c   0x0000002a   Code   RO           44    .text               asciilib.o
    0x00000296   0x00000296   0x00000002   PAD
    0x00000298   0x00000298   0x00000062   Code   RO          109    .text               lib_joystick.o
    0x000002fa   0x000002fa   0x00000002   Code   RO          336    .text               c_w.l(use_no_semi.o)
    0x000002fc   0x000002fc   0x00000004   Code   RO            4    .ARM.__at_0x02FC    startup_lpc17xx.o
    0x00000300   0x00000300   0x00000130   Code   RO           21    .text               system_lpc17xx.o
    0x00000430   0x00000430   0x000000ac   Code   RO           36    .text               lib_timer.o
    0x000004dc   0x000004dc   0x000049c2   Code   RO           53    .text               glcd.o
    0x00004e9e   0x00004e9e   0x00000002   PAD
    0x00004ea0   0x00004ea0   0x000002de   Code   RO           70    .text               irq_rit.o
    0x0000517e   0x0000517e   0x00000002   PAD
    0x00005180   0x00005180   0x0000007c   Code   RO           94    .text               lib_rit.o
    0x000051fc   0x000051fc   0x000000cc   Code   RO          116    .text               irq_button.o
    0x000052c8   0x000052c8   0x0000007c   Code   RO          123    .text               lib_button.o
    0x00005344   0x00005344   0x000019cc   Code   RO          147    .text               game.o
    0x00006d10   0x00006d10   0x00000028   Code   RO          185    .text               c_w.l(noretval__2sprintf.o)
    0x00006d38   0x00006d38   0x0000004e   Code   RO          189    .text               c_w.l(_printf_pad.o)
    0x00006d86   0x00006d86   0x00000002   PAD
    0x00006d88   0x00006d88   0x00000078   Code   RO          191    .text               c_w.l(_printf_dec.o)
    0x00006e00   0x00006e00   0x00000138   Code   RO          205    .text               c_w.l(__printf_flags_wp.o)
    0x00006f38   0x00006f38   0x00000006   Code   RO          217    .text               c_w.l(heapauxi.o)
    0x00006f3e   0x00006f3e   0x000000b2   Code   RO          222    .text               c_w.l(_printf_intcommon.o)
    0x00006ff0   0x00006ff0   0x00000030   Code   RO          224    .text               c_w.l(_printf_char_common.o)
    0x00007020   0x00007020   0x0000000a   Code   RO          226    .text               c_w.l(_sputc.o)
    0x0000702a   0x0000702a   0x0000004a   Code   RO          248    .text               c_w.l(sys_stackheap_outer.o)
    0x00007074   0x00007074   0x00000012   Code   RO          250    .text               c_w.l(exit.o)
    0x00007086   0x00007086   0x00000002   PAD
    0x00007088   0x00007088   0x00000008   Code   RO          258    .text               c_w.l(libspace.o)
    0x00007090   0x00007090   0x0000000c   Code   RO          321    .text               c_w.l(sys_exit.o)
    0x0000709c   0x0000709c   0x00000000   Code   RO          338    .text               c_w.l(indicate_semi.o)
    0x0000709c   0x0000709c   0x0000000e   Code   RO          203    i._is_digit         c_w.l(__printf_wp.o)
    0x000070aa   0x000070aa   0x00000011   Data   RO          206    .constdata          c_w.l(__printf_flags_wp.o)
    0x000070bb   0x000070bb   0x000005f0   Data   RO           46    .rodata.AsciiLib    asciilib.o
    0x000076ab   0x000076ab   0x00000001   PAD
    0x000076ac   0x000076ac   0x0000000e   Data   RO          160    .rodata.colors      game.o
    0x000076ba   0x000076ba   0x00000014   Data   RO          161    .rodata.str1.1      game.o
    0x000076ce   0x000076ce   0x000001c0   Data   RO          152    .rodata.tetrominoes  game.o
    0x0000788e   0x0000788e   0x00000002   PAD
    0x00007890   0x00007890   0x00000030   Data   RO          394    Region$$Table       anon$$obj.o


    Execution Region RW_IRAM1 (Exec base: 0x10000000, Load base: 0x000078c0, Size: 0x00000400, Max: 0x00008000, ABSOLUTE)

    Exec Addr    Load Addr    Size         Type   Attr      Idx    E Section Name        Object

    0x10000000        -       0x00000400   Zero   RW            1    STACK               startup_lpc17xx.o


    Execution Region RW_IRAM2 (Exec base: 0x2007c000, Load base: 0x000078c0, Size: 0x000003f0, Max: 0x00008000, ABSOLUTE)

    Exec Addr    Load Addr    Size         Type   Attr      Idx    E Section Name        Object

    0x2007c000   0x000078c0   0x00000004   Data   RW           23    .data.SystemFrequency  system_lpc17xx.o
    0x2007c004   0x000078c4   0x00000004   PAD
    0x2007c008        -       0x00000060   Zero   RW          259    .bss                c_w.l(libspace.o)
    0x2007c068        -       0x00000004   Zero   RW           82    .bss.J_click        irq_rit.o
    0x2007c06c        -       0x00000004   Zero   RW           79    .bss.J_down         irq_rit.o
    0x2007c070        -       0x00000004   Zero   RW           85    .bss.J_down_left    irq_rit.o
    0x2007c074        -       0x00000004   Zero   RW           86    .bss.J_down_right   irq_rit.o
    0x2007c078        -       0x00000004   Zero   RW           81    .bss.J_left         irq_rit.o
    0x2007c07c        -       0x00000004   Zero   RW           80    .bss.J_right        irq_rit.o
    0x2007c080        -       0x00000004   Zero   RW           78    .bss.J_up           irq_rit.o
    0x2007c084        -       0x00000004   Zero   RW           83    .bss.J_up_left      irq_rit.o
    0x2007c088        -       0x00000004   Zero   RW           84    .bss.J_up_right     irq_rit.o
    0x2007c08c        -       0x00000001   Zero   RW           55    .bss.LCD_Code       glcd.o
    0x2007c08d   0x000078c4   0x00000003   PAD
    0x2007c090        -       0x00000004   Zero   RW          163    .bss.current_score  game.o
    0x2007c094        -       0x00000001   Zero   RW          153    .bss.current_tetromino.0  game.o
    0x2007c095   0x000078c4   0x00000001   PAD
    0x2007c096        -       0x00000001   Zero   RW          154    .bss.current_tetromino.1  game.o
    0x2007c097   0x000078c4   0x00000001   PAD
    0x2007c098        -       0x00000001   Zero   RW          155    .bss.current_tetromino.2  game.o
    0x2007c099   0x000078c4   0x00000001   PAD
    0x2007c09a        -       0x00000001   Zero   RW          156    .bss.current_tetromino.3  game.o
    0x2007c09b   0x000078c4   0x00000001   PAD
    0x2007c09c        -       0x00000001   Zero   RW          157    .bss.current_tetromino.4  game.o
    0x2007c09d   0x000078c4   0x00000001   PAD
    0x2007c09e        -       0x00000002   Zero   RW          158    .bss.current_tetromino.5  game.o
    0x2007c0a0        -       0x00000004   Zero   RW           72    .bss.down_0         irq_rit.o
    0x2007c0a4        -       0x00000004   Zero   RW           73    .bss.down_1         irq_rit.o
    0x2007c0a8        -       0x00000004   Zero   RW           74    .bss.down_2         irq_rit.o
    0x2007c0ac        -       0x00000190   Zero   RW          151    .bss.field          game.o
    0x2007c23c        -       0x00000001   Zero   RW          172    .bss.game_running   game.o
    0x2007c23d        -       0x00000001   Zero   RW          170    .bss.game_started   game.o
    0x2007c23e        -       0x00000001   Zero   RW          165    .bss.hard_drop      game.o
    0x2007c23f   0x000078c4   0x00000001   PAD
    0x2007c240        -       0x00000004   Zero   RW          162    .bss.high_score     game.o
    0x2007c244        -       0x00000001   Zero   RW          167    .bss.move_left      game.o
    0x2007c245        -       0x00000001   Zero   RW          166    .bss.move_right     game.o
    0x2007c246        -       0x00000001   Zero   RW          173    .bss.paused_placed  game.o
    0x2007c247        -       0x00000001   Zero   RW          168    .bss.rotate         game.o
    0x2007c248        -       0x00000004   Zero   RW          159    .bss.seed           game.o
    0x2007c24c        -       0x00000001   Zero   RW          169    .bss.soft_drop      game.o
    0x2007c24d        -       0x00000001   Zero   RW          171    .bss.tickN          game.o
    0x2007c24e        -       0x00000190   Zero   RW          150    .bss.toPlace        game.o
    0x2007c3de        -       0x00000001   Zero   RW          149    .bss.toPlace_count  game.o
    0x2007c3df   0x000078c4   0x00000001   PAD
    0x2007c3e0        -       0x00000004   Zero   RW           75    .bss.toRelease_down_0  irq_rit.o
    0x2007c3e4        -       0x00000004   Zero   RW           76    .bss.toRelease_down_1  irq_rit.o
    0x2007c3e8        -       0x00000004   Zero   RW           77    .bss.toRelease_down_2  irq_rit.o
    0x2007c3ec        -       0x00000001   Zero   RW          164    .bss.total_cleared_rows  game.o
    0x2007c3ed   0x000078c4   0x00000003   PAD
    0x2007c3f0        -       0x00000000   Zero   RW            2    HEAP                startup_lpc17xx.o


==============================================================================

Image component sizes


      Code (inc. data)   RO Data    RW Data    ZI Data      Debug   Object Name

        42          0       1520          0          0        646   asciilib.o
      6604         16        482          0        830      16628   game.o
     18882          0          0          0          1      25257   glcd.o
       204          0          0          0          0       3962   irq_button.o
       734          0          0          0         60       5422   irq_rit.o
        32          0          0          0          0       1155   irq_timer.o
       124          0          0          0          0       5525   lib_button.o
        98          0          0          0          0       2495   lib_joystick.o
       124          0          0          0          0       4095   lib_rit.o
       172          0          0          0          0       3262   lib_timer.o
       124          0          0          0          0       3626   sample.o
        56         22        204          0       1024        968   startup_lpc17xx.o
       304         20          0          4          0       1867   system_lpc17xx.o

    ----------------------------------------------------------------------
     27506         58       2257          4       1932      74908   Object Totals
         0          0         48          0          0          0   (incl. Generated)
         6          0          3          0         17          0   (incl. Padding)

    ----------------------------------------------------------------------

      Code (inc. data)   RO Data    RW Data    ZI Data      Debug   Library Member Name

         8          0          0          0          0         68   __main.o
       312          4         17          0          0         92   __printf_flags_wp.o
        14          0          0          0          0         68   __printf_wp.o
         0          0          0          0          0          0   __rtentry.o
        12          0          0          0          0          0   __rtentry2.o
         6          0          0          0          0          0   __rtentry4.o
        94          8          0          0          0          0   __scatter.o
        26          0          0          0          0          0   __scatter_copy.o
        28          0          0          0          0          0   __scatter_zi.o
        48          6          0          0          0         96   _printf_char_common.o
         6          0          0          0          0          0   _printf_d.o
       120         16          0          0          0         92   _printf_dec.o
       178          0          0          0          0         88   _printf_intcommon.o
        78          0          0          0          0        108   _printf_pad.o
         0          0          0          0          0          0   _printf_percent.o
         4          0          0          0          0          0   _printf_percent_end.o
        10          0          0          0          0         68   _sputc.o
        18          0          0          0          0         80   exit.o
         6          0          0          0          0        152   heapauxi.o
         0          0          0          0          0          0   indicate_semi.o
         2          0          0          0          0          0   libinit.o
         2          0          0          0          0          0   libinit2.o
         2          0          0          0          0          0   libshutdown.o
         2          0          0          0          0          0   libshutdown2.o
         8          4          0          0         96         68   libspace.o
        40          6          0          0          0         84   noretval__2sprintf.o
         2          0          0          0          0          0   rtexit.o
        10          0          0          0          0          0   rtexit2.o
        12          4          0          0          0         68   sys_exit.o
        74          0          0          0          0         80   sys_stackheap_outer.o
         2          0          0          0          0         68   use_no_semi.o

    ----------------------------------------------------------------------
      1132         48         17          0         96       1280   Library Totals
         8          0          0          0          0          0   (incl. Padding)

    ----------------------------------------------------------------------

      Code (inc. data)   RO Data    RW Data    ZI Data      Debug   Library Name

      1124         48         17          0         96       1280   c_w.l

    ----------------------------------------------------------------------
      1132         48         17          0         96       1280   Library Totals

    ----------------------------------------------------------------------

==============================================================================


      Code (inc. data)   RO Data    RW Data    ZI Data      Debug   

     28638        106       2274          4       2028      75512   Grand Totals
     28638        106       2274          4       2028      75512   ELF Image Totals
     28638        106       2274          4          0          0   ROM Totals

==============================================================================

    Total RO  Size (Code + RO Data)                30912 (  30.19kB)
    Total RW  Size (RW Data + ZI Data)              2032 (   1.98kB)
    Total ROM Size (Code + RO Data + RW Data)      30916 (  30.19kB)

==============================================================================

